ARM GAS  C:\Users\NGUYEN~1\AppData\Local\Temp\cct7AH6X.s 			page 1


   1              		.syntax unified
   2              		.cpu cortex-m0
   3              		.fpu softvfp
   4              		.eabi_attribute 20, 1
   5              		.eabi_attribute 21, 1
   6              		.eabi_attribute 23, 3
   7              		.eabi_attribute 24, 1
   8              		.eabi_attribute 25, 1
   9              		.eabi_attribute 26, 1
  10              		.eabi_attribute 30, 1
  11              		.eabi_attribute 34, 0
  12              		.eabi_attribute 18, 4
  13              		.thumb
  14              		.syntax unified
  15              		.file	"cyfitter_cfg.c"
  16              		.text
  17              	.Ltext0:
  18              		.cfi_sections	.debug_frame
  19              		.section	.text.CYMEMZERO,"ax",%progbits
  20              		.align	2
  21              		.code	16
  22              		.thumb_func
  23              		.type	CYMEMZERO, %function
  24              	CYMEMZERO:
  25              	.LFB1:
  26              		.file 1 "Generated_Source\\PSoC4\\cyfitter_cfg.c"
   1:Generated_Source\PSoC4/cyfitter_cfg.c **** 
   2:Generated_Source\PSoC4/cyfitter_cfg.c **** /*******************************************************************************
   3:Generated_Source\PSoC4/cyfitter_cfg.c **** * File Name: cyfitter_cfg.c
   4:Generated_Source\PSoC4/cyfitter_cfg.c **** * 
   5:Generated_Source\PSoC4/cyfitter_cfg.c **** * PSoC Creator  4.4
   6:Generated_Source\PSoC4/cyfitter_cfg.c **** *
   7:Generated_Source\PSoC4/cyfitter_cfg.c **** * Description:
   8:Generated_Source\PSoC4/cyfitter_cfg.c **** * This file contains device initialization code.
   9:Generated_Source\PSoC4/cyfitter_cfg.c **** * Except for the user defined sections in CyClockStartupError(), this file should not be modified.
  10:Generated_Source\PSoC4/cyfitter_cfg.c **** * This file is automatically generated by PSoC Creator.
  11:Generated_Source\PSoC4/cyfitter_cfg.c **** *
  12:Generated_Source\PSoC4/cyfitter_cfg.c **** ********************************************************************************
  13:Generated_Source\PSoC4/cyfitter_cfg.c **** * Copyright (c) 2007-2020 Cypress Semiconductor.  All rights reserved.
  14:Generated_Source\PSoC4/cyfitter_cfg.c **** * You may use this file only in accordance with the license, terms, conditions, 
  15:Generated_Source\PSoC4/cyfitter_cfg.c **** * disclaimers, and limitations in the end user license agreement accompanying 
  16:Generated_Source\PSoC4/cyfitter_cfg.c **** * the software package with which this file was provided.
  17:Generated_Source\PSoC4/cyfitter_cfg.c **** ********************************************************************************/
  18:Generated_Source\PSoC4/cyfitter_cfg.c **** 
  19:Generated_Source\PSoC4/cyfitter_cfg.c **** #include <string.h>
  20:Generated_Source\PSoC4/cyfitter_cfg.c **** #include "cytypes.h"
  21:Generated_Source\PSoC4/cyfitter_cfg.c **** #include "cydevice_trm.h"
  22:Generated_Source\PSoC4/cyfitter_cfg.c **** #include "cyfitter.h"
  23:Generated_Source\PSoC4/cyfitter_cfg.c **** #include "CyLib.h"
  24:Generated_Source\PSoC4/cyfitter_cfg.c **** #include "CyLFClk.h"
  25:Generated_Source\PSoC4/cyfitter_cfg.c **** #include "cyfitter_cfg.h"
  26:Generated_Source\PSoC4/cyfitter_cfg.c **** #include "cyapicallbacks.h"
  27:Generated_Source\PSoC4/cyfitter_cfg.c **** 
  28:Generated_Source\PSoC4/cyfitter_cfg.c **** 
  29:Generated_Source\PSoC4/cyfitter_cfg.c **** #if defined(__GNUC__) || defined(__ARMCC_VERSION)
  30:Generated_Source\PSoC4/cyfitter_cfg.c ****     #define CYPACKED 
  31:Generated_Source\PSoC4/cyfitter_cfg.c ****     #define CYPACKED_ATTR __attribute__ ((packed))
ARM GAS  C:\Users\NGUYEN~1\AppData\Local\Temp\cct7AH6X.s 			page 2


  32:Generated_Source\PSoC4/cyfitter_cfg.c ****     #define CYALIGNED __attribute__ ((aligned))
  33:Generated_Source\PSoC4/cyfitter_cfg.c ****     #define CY_CFG_UNUSED __attribute__ ((unused))
  34:Generated_Source\PSoC4/cyfitter_cfg.c ****     #ifndef CY_CFG_SECTION
  35:Generated_Source\PSoC4/cyfitter_cfg.c ****         #define CY_CFG_SECTION __attribute__ ((section(".psocinit")))
  36:Generated_Source\PSoC4/cyfitter_cfg.c ****     #endif
  37:Generated_Source\PSoC4/cyfitter_cfg.c ****     
  38:Generated_Source\PSoC4/cyfitter_cfg.c ****     #if defined(__ARMCC_VERSION)
  39:Generated_Source\PSoC4/cyfitter_cfg.c ****         #define CY_CFG_MEMORY_BARRIER() __memory_changed()
  40:Generated_Source\PSoC4/cyfitter_cfg.c ****     #else
  41:Generated_Source\PSoC4/cyfitter_cfg.c ****         #define CY_CFG_MEMORY_BARRIER() __sync_synchronize()
  42:Generated_Source\PSoC4/cyfitter_cfg.c ****     #endif
  43:Generated_Source\PSoC4/cyfitter_cfg.c ****     
  44:Generated_Source\PSoC4/cyfitter_cfg.c **** #elif defined(__ICCARM__)
  45:Generated_Source\PSoC4/cyfitter_cfg.c ****     #include <intrinsics.h>
  46:Generated_Source\PSoC4/cyfitter_cfg.c **** 
  47:Generated_Source\PSoC4/cyfitter_cfg.c ****     #define CYPACKED __packed
  48:Generated_Source\PSoC4/cyfitter_cfg.c ****     #define CYPACKED_ATTR 
  49:Generated_Source\PSoC4/cyfitter_cfg.c ****     #define CYALIGNED _Pragma("data_alignment=4")
  50:Generated_Source\PSoC4/cyfitter_cfg.c ****     #define CY_CFG_UNUSED _Pragma("diag_suppress=Pe177")
  51:Generated_Source\PSoC4/cyfitter_cfg.c ****     #define CY_CFG_SECTION _Pragma("location=\".psocinit\"")
  52:Generated_Source\PSoC4/cyfitter_cfg.c ****     
  53:Generated_Source\PSoC4/cyfitter_cfg.c ****     #define CY_CFG_MEMORY_BARRIER() __DMB()
  54:Generated_Source\PSoC4/cyfitter_cfg.c ****     
  55:Generated_Source\PSoC4/cyfitter_cfg.c **** #else
  56:Generated_Source\PSoC4/cyfitter_cfg.c ****     #error Unsupported toolchain
  57:Generated_Source\PSoC4/cyfitter_cfg.c **** #endif
  58:Generated_Source\PSoC4/cyfitter_cfg.c **** 
  59:Generated_Source\PSoC4/cyfitter_cfg.c **** #ifndef CYCODE
  60:Generated_Source\PSoC4/cyfitter_cfg.c ****     #define CYCODE
  61:Generated_Source\PSoC4/cyfitter_cfg.c **** #endif
  62:Generated_Source\PSoC4/cyfitter_cfg.c **** #ifndef CYDATA
  63:Generated_Source\PSoC4/cyfitter_cfg.c ****     #define CYDATA
  64:Generated_Source\PSoC4/cyfitter_cfg.c **** #endif
  65:Generated_Source\PSoC4/cyfitter_cfg.c **** #ifndef CYFAR
  66:Generated_Source\PSoC4/cyfitter_cfg.c ****     #define CYFAR
  67:Generated_Source\PSoC4/cyfitter_cfg.c **** #endif
  68:Generated_Source\PSoC4/cyfitter_cfg.c **** #ifndef CYXDATA
  69:Generated_Source\PSoC4/cyfitter_cfg.c ****     #define CYXDATA
  70:Generated_Source\PSoC4/cyfitter_cfg.c **** #endif
  71:Generated_Source\PSoC4/cyfitter_cfg.c **** 
  72:Generated_Source\PSoC4/cyfitter_cfg.c **** 
  73:Generated_Source\PSoC4/cyfitter_cfg.c **** CY_CFG_UNUSED
  74:Generated_Source\PSoC4/cyfitter_cfg.c **** static void CYMEMZERO(void *s, size_t n);
  75:Generated_Source\PSoC4/cyfitter_cfg.c **** CY_CFG_UNUSED
  76:Generated_Source\PSoC4/cyfitter_cfg.c **** static void CYMEMZERO(void *s, size_t n)
  77:Generated_Source\PSoC4/cyfitter_cfg.c **** {
  27              		.loc 1 77 0
  28              		.cfi_startproc
  29              		@ args = 0, pretend = 0, frame = 0
  30              		@ frame_needed = 0, uses_anonymous_args = 0
  31              	.LVL0:
  32 0000 10B5     		push	{r4, lr}
  33              		.cfi_def_cfa_offset 8
  34              		.cfi_offset 4, -8
  35              		.cfi_offset 14, -4
  36 0002 0A00     		movs	r2, r1
  78:Generated_Source\PSoC4/cyfitter_cfg.c **** 	(void)memset(s, 0, n);
ARM GAS  C:\Users\NGUYEN~1\AppData\Local\Temp\cct7AH6X.s 			page 3


  37              		.loc 1 78 0
  38 0004 0021     		movs	r1, #0
  39              	.LVL1:
  40 0006 FFF7FEFF 		bl	memset
  41              	.LVL2:
  79:Generated_Source\PSoC4/cyfitter_cfg.c **** }
  42              		.loc 1 79 0
  43              		@ sp needed
  44 000a 10BD     		pop	{r4, pc}
  45              		.cfi_endproc
  46              	.LFE1:
  47              		.size	CYMEMZERO, .-CYMEMZERO
  48              		.section	.psocinit,"ax",%progbits
  49              		.align	2
  50              		.code	16
  51              		.thumb_func
  52              		.type	ClockSetup, %function
  53              	ClockSetup:
  54              	.LFB4:
  80:Generated_Source\PSoC4/cyfitter_cfg.c **** CY_CFG_UNUSED
  81:Generated_Source\PSoC4/cyfitter_cfg.c **** static void CYCONFIGCPY(void *dest, const void *src, size_t n);
  82:Generated_Source\PSoC4/cyfitter_cfg.c **** CY_CFG_UNUSED
  83:Generated_Source\PSoC4/cyfitter_cfg.c **** static void CYCONFIGCPY(void *dest, const void *src, size_t n)
  84:Generated_Source\PSoC4/cyfitter_cfg.c **** {
  85:Generated_Source\PSoC4/cyfitter_cfg.c **** 	(void)memcpy(dest, src, n);
  86:Generated_Source\PSoC4/cyfitter_cfg.c **** }
  87:Generated_Source\PSoC4/cyfitter_cfg.c **** CY_CFG_UNUSED
  88:Generated_Source\PSoC4/cyfitter_cfg.c **** static void CYCONFIGCPYCODE(void *dest, const void *src, size_t n);
  89:Generated_Source\PSoC4/cyfitter_cfg.c **** CY_CFG_UNUSED
  90:Generated_Source\PSoC4/cyfitter_cfg.c **** static void CYCONFIGCPYCODE(void *dest, const void *src, size_t n)
  91:Generated_Source\PSoC4/cyfitter_cfg.c **** {
  92:Generated_Source\PSoC4/cyfitter_cfg.c **** 	(void)memcpy(dest, src, n);
  93:Generated_Source\PSoC4/cyfitter_cfg.c **** }
  94:Generated_Source\PSoC4/cyfitter_cfg.c **** 
  95:Generated_Source\PSoC4/cyfitter_cfg.c **** 
  96:Generated_Source\PSoC4/cyfitter_cfg.c **** 
  97:Generated_Source\PSoC4/cyfitter_cfg.c **** 
  98:Generated_Source\PSoC4/cyfitter_cfg.c **** /* Clock startup error codes                                                   */
  99:Generated_Source\PSoC4/cyfitter_cfg.c **** #define CYCLOCKSTART_NO_ERROR    0u
 100:Generated_Source\PSoC4/cyfitter_cfg.c **** #define CYCLOCKSTART_XTAL_ERROR  1u
 101:Generated_Source\PSoC4/cyfitter_cfg.c **** #define CYCLOCKSTART_32KHZ_ERROR 2u
 102:Generated_Source\PSoC4/cyfitter_cfg.c **** #define CYCLOCKSTART_PLL_ERROR   3u
 103:Generated_Source\PSoC4/cyfitter_cfg.c **** #define CYCLOCKSTART_FLL_ERROR   4u
 104:Generated_Source\PSoC4/cyfitter_cfg.c **** #define CYCLOCKSTART_WCO_ERROR   5u
 105:Generated_Source\PSoC4/cyfitter_cfg.c **** 
 106:Generated_Source\PSoC4/cyfitter_cfg.c **** 
 107:Generated_Source\PSoC4/cyfitter_cfg.c **** #ifdef CY_NEED_CYCLOCKSTARTUPERROR
 108:Generated_Source\PSoC4/cyfitter_cfg.c **** /*******************************************************************************
 109:Generated_Source\PSoC4/cyfitter_cfg.c **** * Function Name: CyClockStartupError
 110:Generated_Source\PSoC4/cyfitter_cfg.c **** ********************************************************************************
 111:Generated_Source\PSoC4/cyfitter_cfg.c **** * Summary:
 112:Generated_Source\PSoC4/cyfitter_cfg.c **** *  If an error is encountered during clock configuration (crystal startup error,
 113:Generated_Source\PSoC4/cyfitter_cfg.c **** *  PLL lock error, etc.), the system will end up here.  Unless reimplemented by
 114:Generated_Source\PSoC4/cyfitter_cfg.c **** *  the customer, this function will stop in an infinite loop.
 115:Generated_Source\PSoC4/cyfitter_cfg.c **** *
 116:Generated_Source\PSoC4/cyfitter_cfg.c **** * Parameters:
 117:Generated_Source\PSoC4/cyfitter_cfg.c **** *   void
ARM GAS  C:\Users\NGUYEN~1\AppData\Local\Temp\cct7AH6X.s 			page 4


 118:Generated_Source\PSoC4/cyfitter_cfg.c **** *
 119:Generated_Source\PSoC4/cyfitter_cfg.c **** * Return:
 120:Generated_Source\PSoC4/cyfitter_cfg.c **** *   void
 121:Generated_Source\PSoC4/cyfitter_cfg.c **** *
 122:Generated_Source\PSoC4/cyfitter_cfg.c **** *******************************************************************************/
 123:Generated_Source\PSoC4/cyfitter_cfg.c **** CY_CFG_UNUSED
 124:Generated_Source\PSoC4/cyfitter_cfg.c **** static void CyClockStartupError(uint8 errorCode);
 125:Generated_Source\PSoC4/cyfitter_cfg.c **** CY_CFG_UNUSED
 126:Generated_Source\PSoC4/cyfitter_cfg.c **** static void CyClockStartupError(uint8 errorCode)
 127:Generated_Source\PSoC4/cyfitter_cfg.c **** {
 128:Generated_Source\PSoC4/cyfitter_cfg.c ****     /* To remove the compiler warning if errorCode not used.                */
 129:Generated_Source\PSoC4/cyfitter_cfg.c ****     errorCode = errorCode;
 130:Generated_Source\PSoC4/cyfitter_cfg.c **** 
 131:Generated_Source\PSoC4/cyfitter_cfg.c ****     /* If we have a clock startup error (bad MHz crystal, PLL lock, etc.),  */
 132:Generated_Source\PSoC4/cyfitter_cfg.c ****     /* we will end up here to allow the customer to implement something to  */
 133:Generated_Source\PSoC4/cyfitter_cfg.c ****     /* deal with the clock condition.                                       */
 134:Generated_Source\PSoC4/cyfitter_cfg.c **** 
 135:Generated_Source\PSoC4/cyfitter_cfg.c **** #ifdef CY_CFG_CLOCK_STARTUP_ERROR_CALLBACK
 136:Generated_Source\PSoC4/cyfitter_cfg.c ****     CY_CFG_Clock_Startup_ErrorCallback();
 137:Generated_Source\PSoC4/cyfitter_cfg.c **** #else
 138:Generated_Source\PSoC4/cyfitter_cfg.c ****     /*  If not using CY_CFG_CLOCK_STARTUP_ERROR_CALLBACK, place your clock startup code here. */
 139:Generated_Source\PSoC4/cyfitter_cfg.c ****     /* `#START CyClockStartupError` */
 140:Generated_Source\PSoC4/cyfitter_cfg.c **** 
 141:Generated_Source\PSoC4/cyfitter_cfg.c **** 
 142:Generated_Source\PSoC4/cyfitter_cfg.c **** 
 143:Generated_Source\PSoC4/cyfitter_cfg.c ****     /* `#END` */
 144:Generated_Source\PSoC4/cyfitter_cfg.c **** 
 145:Generated_Source\PSoC4/cyfitter_cfg.c ****     while(1) {}
 146:Generated_Source\PSoC4/cyfitter_cfg.c **** #endif /* CY_CFG_CLOCK_STARTUP_ERROR_CALLBACK */
 147:Generated_Source\PSoC4/cyfitter_cfg.c **** }
 148:Generated_Source\PSoC4/cyfitter_cfg.c **** #endif
 149:Generated_Source\PSoC4/cyfitter_cfg.c **** 
 150:Generated_Source\PSoC4/cyfitter_cfg.c **** 
 151:Generated_Source\PSoC4/cyfitter_cfg.c **** 
 152:Generated_Source\PSoC4/cyfitter_cfg.c **** /*******************************************************************************
 153:Generated_Source\PSoC4/cyfitter_cfg.c **** * Function Name: ClockSetup
 154:Generated_Source\PSoC4/cyfitter_cfg.c **** ********************************************************************************
 155:Generated_Source\PSoC4/cyfitter_cfg.c **** *
 156:Generated_Source\PSoC4/cyfitter_cfg.c **** * Summary:
 157:Generated_Source\PSoC4/cyfitter_cfg.c **** *   Performs the initialization of all of the clocks in the device based on the
 158:Generated_Source\PSoC4/cyfitter_cfg.c **** *   settings in the Clock tab of the DWR.  This includes enabling the requested
 159:Generated_Source\PSoC4/cyfitter_cfg.c **** *   clocks and setting the necessary dividers to produce the desired frequency. 
 160:Generated_Source\PSoC4/cyfitter_cfg.c **** *
 161:Generated_Source\PSoC4/cyfitter_cfg.c **** * Parameters:
 162:Generated_Source\PSoC4/cyfitter_cfg.c **** *   void
 163:Generated_Source\PSoC4/cyfitter_cfg.c **** *
 164:Generated_Source\PSoC4/cyfitter_cfg.c **** * Return:
 165:Generated_Source\PSoC4/cyfitter_cfg.c **** *   void
 166:Generated_Source\PSoC4/cyfitter_cfg.c **** *
 167:Generated_Source\PSoC4/cyfitter_cfg.c **** *******************************************************************************/
 168:Generated_Source\PSoC4/cyfitter_cfg.c **** static void ClockSetup(void);
 169:Generated_Source\PSoC4/cyfitter_cfg.c **** CY_CFG_SECTION
 170:Generated_Source\PSoC4/cyfitter_cfg.c **** static void ClockSetup(void)
 171:Generated_Source\PSoC4/cyfitter_cfg.c **** {
  55              		.loc 1 171 0
  56              		.cfi_startproc
  57              		@ args = 0, pretend = 0, frame = 0
ARM GAS  C:\Users\NGUYEN~1\AppData\Local\Temp\cct7AH6X.s 			page 5


  58              		@ frame_needed = 0, uses_anonymous_args = 0
  59 0000 10B5     		push	{r4, lr}
  60              		.cfi_def_cfa_offset 8
  61              		.cfi_offset 4, -8
  62              		.cfi_offset 14, -4
 172:Generated_Source\PSoC4/cyfitter_cfg.c **** 
 173:Generated_Source\PSoC4/cyfitter_cfg.c **** 	/* Set Flash Cycles based on max possible frequency in case a glitch occurs during ClockSetup(). *
 174:Generated_Source\PSoC4/cyfitter_cfg.c **** 	CY_SET_REG32((void CYXDATA *)(CYREG_CPUSS_FLASH_CTL), (0x0012u));
  63              		.loc 1 174 0
  64 0002 1222     		movs	r2, #18
  65 0004 164B     		ldr	r3, .L3
  66 0006 1A60     		str	r2, [r3]
 175:Generated_Source\PSoC4/cyfitter_cfg.c **** 	/* Setup and trim IMO based on desired frequency. */
 176:Generated_Source\PSoC4/cyfitter_cfg.c **** 	CySysClkWriteImoFreq(48u);
  67              		.loc 1 176 0
  68 0008 3020     		movs	r0, #48
  69 000a FFF7FEFF 		bl	CySysClkWriteImoFreq
  70              	.LVL3:
 177:Generated_Source\PSoC4/cyfitter_cfg.c **** 	/* CYDEV_CLK_ILO_CONFIG Starting address: CYDEV_CLK_ILO_CONFIG */
 178:Generated_Source\PSoC4/cyfitter_cfg.c **** 	CY_SET_REG32((void *)(CYREG_CLK_ILO_CONFIG), 0x80000006u);
  71              		.loc 1 178 0
  72 000e 154A     		ldr	r2, .L3+4
  73 0010 154B     		ldr	r3, .L3+8
  74 0012 1A60     		str	r2, [r3]
 179:Generated_Source\PSoC4/cyfitter_cfg.c **** 
 180:Generated_Source\PSoC4/cyfitter_cfg.c **** 
 181:Generated_Source\PSoC4/cyfitter_cfg.c **** 	/* Setup phase aligned clocks */
 182:Generated_Source\PSoC4/cyfitter_cfg.c **** 	CY_SET_REG32((void *)CYREG_PERI_DIV_16_CTL0, 0x00000500u);
  75              		.loc 1 182 0
  76 0014 A022     		movs	r2, #160
  77 0016 D200     		lsls	r2, r2, #3
  78 0018 144B     		ldr	r3, .L3+12
  79 001a 1A60     		str	r2, [r3]
 183:Generated_Source\PSoC4/cyfitter_cfg.c **** 	CY_SET_REG32((void *)CYREG_PERI_DIV_CMD, 0x8000FF40u);
  80              		.loc 1 183 0
  81 001c 144B     		ldr	r3, .L3+16
  82 001e 154A     		ldr	r2, .L3+20
  83 0020 1A60     		str	r2, [r3]
 184:Generated_Source\PSoC4/cyfitter_cfg.c **** 	CY_SET_REG32((void *)CYREG_PERI_DIV_16_CTL1, 0x00002200u);
  84              		.loc 1 184 0
  85 0022 8821     		movs	r1, #136
  86 0024 8901     		lsls	r1, r1, #6
  87 0026 144A     		ldr	r2, .L3+24
  88 0028 1160     		str	r1, [r2]
 185:Generated_Source\PSoC4/cyfitter_cfg.c **** 	CY_SET_REG32((void *)CYREG_PERI_DIV_CMD, 0x8000FF41u);
  89              		.loc 1 185 0
  90 002a 144A     		ldr	r2, .L3+28
  91 002c 1A60     		str	r2, [r3]
 186:Generated_Source\PSoC4/cyfitter_cfg.c **** 
 187:Generated_Source\PSoC4/cyfitter_cfg.c **** 	/* CYDEV_CLK_IMO_CONFIG Starting address: CYDEV_CLK_IMO_CONFIG */
 188:Generated_Source\PSoC4/cyfitter_cfg.c **** 	CY_SET_REG32((void *)(CYREG_CLK_IMO_CONFIG), 0x82000000u);
  92              		.loc 1 188 0
  93 002e 8222     		movs	r2, #130
  94 0030 1206     		lsls	r2, r2, #24
  95 0032 134B     		ldr	r3, .L3+32
  96 0034 1A60     		str	r2, [r3]
 189:Generated_Source\PSoC4/cyfitter_cfg.c **** 
ARM GAS  C:\Users\NGUYEN~1\AppData\Local\Temp\cct7AH6X.s 			page 6


 190:Generated_Source\PSoC4/cyfitter_cfg.c **** 	/* CYDEV_CLK_SELECT Starting address: CYDEV_CLK_SELECT */
 191:Generated_Source\PSoC4/cyfitter_cfg.c **** 	CY_SET_REG32((void *)(CYREG_CLK_SELECT), 0x00040000u);
  97              		.loc 1 191 0
  98 0036 8022     		movs	r2, #128
  99 0038 D202     		lsls	r2, r2, #11
 100 003a 124B     		ldr	r3, .L3+36
 101 003c 1A60     		str	r2, [r3]
 192:Generated_Source\PSoC4/cyfitter_cfg.c **** 
 193:Generated_Source\PSoC4/cyfitter_cfg.c **** 	/* CYDEV_PERI_PCLK_CTL10 Starting address: CYDEV_PERI_PCLK_CTL10 */
 194:Generated_Source\PSoC4/cyfitter_cfg.c **** 	CY_SET_REG32((void *)(CYREG_PERI_PCLK_CTL10), 0x00000040u);
 102              		.loc 1 194 0
 103 003e 4022     		movs	r2, #64
 104 0040 114B     		ldr	r3, .L3+40
 105 0042 1A60     		str	r2, [r3]
 195:Generated_Source\PSoC4/cyfitter_cfg.c **** 
 196:Generated_Source\PSoC4/cyfitter_cfg.c **** 	/* CYDEV_PERI_PCLK_CTL5 Starting address: CYDEV_PERI_PCLK_CTL5 */
 197:Generated_Source\PSoC4/cyfitter_cfg.c **** 	CY_SET_REG32((void *)(CYREG_PERI_PCLK_CTL5), 0x00000041u);
 106              		.loc 1 197 0
 107 0044 0132     		adds	r2, r2, #1
 108 0046 114B     		ldr	r3, .L3+44
 109 0048 1A60     		str	r2, [r3]
 198:Generated_Source\PSoC4/cyfitter_cfg.c **** 
 199:Generated_Source\PSoC4/cyfitter_cfg.c **** 	(void)CyIntSetVector(7u, &CySysWdtIsr);
 110              		.loc 1 199 0
 111 004a 1149     		ldr	r1, .L3+48
 112 004c 0720     		movs	r0, #7
 113 004e FFF7FEFF 		bl	CyIntSetVector
 114              	.LVL4:
 200:Generated_Source\PSoC4/cyfitter_cfg.c **** 	CyIntEnable(7u);
 115              		.loc 1 200 0
 116 0052 0720     		movs	r0, #7
 117 0054 FFF7FEFF 		bl	CyIntEnable
 118              	.LVL5:
 201:Generated_Source\PSoC4/cyfitter_cfg.c **** 	CY_SET_REG32((void *)(CYREG_WDT_CONFIG), 0x00000000u);
 119              		.loc 1 201 0
 120 0058 0022     		movs	r2, #0
 121 005a 0E4B     		ldr	r3, .L3+52
 122 005c 1A60     		str	r2, [r3]
 202:Generated_Source\PSoC4/cyfitter_cfg.c **** }
 123              		.loc 1 202 0
 124              		@ sp needed
 125 005e 10BD     		pop	{r4, pc}
 126              	.L4:
 127              		.align	2
 128              	.L3:
 129 0060 30001040 		.word	1074790448
 130 0064 06000080 		.word	-2147483642
 131 0068 04010B40 		.word	1074462980
 132 006c 00030140 		.word	1073808128
 133 0070 00000140 		.word	1073807360
 134 0074 40FF0080 		.word	-2147418304
 135 0078 04030140 		.word	1073808132
 136 007c 41FF0080 		.word	-2147418303
 137 0080 08010B40 		.word	1074462984
 138 0084 00010B40 		.word	1074462976
 139 0088 28010140 		.word	1073807656
 140 008c 14010140 		.word	1073807636
ARM GAS  C:\Users\NGUYEN~1\AppData\Local\Temp\cct7AH6X.s 			page 7


 141 0090 00000000 		.word	CySysWdtIsr
 142 0094 0C020B40 		.word	1074463244
 143              		.cfi_endproc
 144              	.LFE4:
 145              		.size	ClockSetup, .-ClockSetup
 146              		.section	.text.SetAnalogRoutingPumps,"ax",%progbits
 147              		.align	2
 148              		.global	SetAnalogRoutingPumps
 149              		.code	16
 150              		.thumb_func
 151              		.type	SetAnalogRoutingPumps, %function
 152              	SetAnalogRoutingPumps:
 153              	.LFB6:
 203:Generated_Source\PSoC4/cyfitter_cfg.c **** 
 204:Generated_Source\PSoC4/cyfitter_cfg.c **** 
 205:Generated_Source\PSoC4/cyfitter_cfg.c **** /* Analog API Functions */
 206:Generated_Source\PSoC4/cyfitter_cfg.c **** 
 207:Generated_Source\PSoC4/cyfitter_cfg.c **** 
 208:Generated_Source\PSoC4/cyfitter_cfg.c **** /*******************************************************************************
 209:Generated_Source\PSoC4/cyfitter_cfg.c **** * Function Name: AnalogSetDefault
 210:Generated_Source\PSoC4/cyfitter_cfg.c **** ********************************************************************************
 211:Generated_Source\PSoC4/cyfitter_cfg.c **** *
 212:Generated_Source\PSoC4/cyfitter_cfg.c **** * Summary:
 213:Generated_Source\PSoC4/cyfitter_cfg.c **** *  Sets up the analog portions of the chip to default values based on chip
 214:Generated_Source\PSoC4/cyfitter_cfg.c **** *  configuration options from the project.
 215:Generated_Source\PSoC4/cyfitter_cfg.c **** *
 216:Generated_Source\PSoC4/cyfitter_cfg.c **** * Parameters:
 217:Generated_Source\PSoC4/cyfitter_cfg.c **** *  void
 218:Generated_Source\PSoC4/cyfitter_cfg.c **** *
 219:Generated_Source\PSoC4/cyfitter_cfg.c **** * Return:
 220:Generated_Source\PSoC4/cyfitter_cfg.c **** *  void
 221:Generated_Source\PSoC4/cyfitter_cfg.c **** *
 222:Generated_Source\PSoC4/cyfitter_cfg.c **** *******************************************************************************/
 223:Generated_Source\PSoC4/cyfitter_cfg.c **** static void AnalogSetDefault(void);
 224:Generated_Source\PSoC4/cyfitter_cfg.c **** static void AnalogSetDefault(void)
 225:Generated_Source\PSoC4/cyfitter_cfg.c **** {
 226:Generated_Source\PSoC4/cyfitter_cfg.c **** 	CY_SET_XTND_REG32((void CYFAR *)CYREG_CTBM0_DFT_CTRL, 0x00000003u);
 227:Generated_Source\PSoC4/cyfitter_cfg.c **** 	CY_SET_XTND_REG32((void CYFAR *)CYREG_CTBM1_DFT_CTRL, 0x00000003u);
 228:Generated_Source\PSoC4/cyfitter_cfg.c **** 	CY_SET_XTND_REG32((void CYFAR *)CYREG_SAR_CTRL, 0x80000000u);
 229:Generated_Source\PSoC4/cyfitter_cfg.c **** 	CY_SET_XTND_REG32((void CYFAR *)CYREG_SAR_MUX_SWITCH0, 0x0000005Fu);
 230:Generated_Source\PSoC4/cyfitter_cfg.c **** 	CY_SET_XTND_REG32((void CYFAR *)CYREG_SAR_MUX_SWITCH_HW_CTRL, 0x0000005Fu);
 231:Generated_Source\PSoC4/cyfitter_cfg.c **** 	CY_SET_XTND_REG32((void CYFAR *)CYREG_PASS_DSAB_DSAB_CTRL, 0x00000000u);
 232:Generated_Source\PSoC4/cyfitter_cfg.c **** 	SetAnalogRoutingPumps(1);
 233:Generated_Source\PSoC4/cyfitter_cfg.c **** }
 234:Generated_Source\PSoC4/cyfitter_cfg.c **** 
 235:Generated_Source\PSoC4/cyfitter_cfg.c **** 
 236:Generated_Source\PSoC4/cyfitter_cfg.c **** /*******************************************************************************
 237:Generated_Source\PSoC4/cyfitter_cfg.c **** * Function Name: SetAnalogRoutingPumps
 238:Generated_Source\PSoC4/cyfitter_cfg.c **** ********************************************************************************
 239:Generated_Source\PSoC4/cyfitter_cfg.c **** *
 240:Generated_Source\PSoC4/cyfitter_cfg.c **** * Summary:
 241:Generated_Source\PSoC4/cyfitter_cfg.c **** * Enables or disables the analog pumps feeding analog routing switches.
 242:Generated_Source\PSoC4/cyfitter_cfg.c **** * Intended to be called at startup, based on the Vdda system configuration;
 243:Generated_Source\PSoC4/cyfitter_cfg.c **** * may be called during operation when the user informs us that the Vdda voltage crossed the pump th
 244:Generated_Source\PSoC4/cyfitter_cfg.c **** *
 245:Generated_Source\PSoC4/cyfitter_cfg.c **** * Parameters:
 246:Generated_Source\PSoC4/cyfitter_cfg.c **** *  enabled - 1 to enable the pumps, 0 to disable the pumps
ARM GAS  C:\Users\NGUYEN~1\AppData\Local\Temp\cct7AH6X.s 			page 8


 247:Generated_Source\PSoC4/cyfitter_cfg.c **** *
 248:Generated_Source\PSoC4/cyfitter_cfg.c **** * Return:
 249:Generated_Source\PSoC4/cyfitter_cfg.c **** *  void
 250:Generated_Source\PSoC4/cyfitter_cfg.c **** *
 251:Generated_Source\PSoC4/cyfitter_cfg.c **** *******************************************************************************/
 252:Generated_Source\PSoC4/cyfitter_cfg.c **** void SetAnalogRoutingPumps(uint8 enabled)
 253:Generated_Source\PSoC4/cyfitter_cfg.c **** {
 154              		.loc 1 253 0
 155              		.cfi_startproc
 156              		@ args = 0, pretend = 0, frame = 0
 157              		@ frame_needed = 0, uses_anonymous_args = 0
 158              		@ link register save eliminated.
 159              	.LVL6:
 254:Generated_Source\PSoC4/cyfitter_cfg.c **** 	uint32 regValue = CY_GET_XTND_REG32((void *)(CYREG_SAR_PUMP_CTRL));
 160              		.loc 1 254 0
 161 0000 064B     		ldr	r3, .L8
 162 0002 1B68     		ldr	r3, [r3]
 163              	.LVL7:
 255:Generated_Source\PSoC4/cyfitter_cfg.c **** 	if (enabled != 0u)
 164              		.loc 1 255 0
 165 0004 0028     		cmp	r0, #0
 166 0006 03D0     		beq	.L6
 256:Generated_Source\PSoC4/cyfitter_cfg.c **** 	{
 257:Generated_Source\PSoC4/cyfitter_cfg.c **** 		regValue |= 0x80000000u;
 167              		.loc 1 257 0
 168 0008 8022     		movs	r2, #128
 169 000a 1206     		lsls	r2, r2, #24
 170 000c 1343     		orrs	r3, r2
 171              	.LVL8:
 172 000e 01E0     		b	.L7
 173              	.L6:
 258:Generated_Source\PSoC4/cyfitter_cfg.c **** 	}
 259:Generated_Source\PSoC4/cyfitter_cfg.c **** 	else
 260:Generated_Source\PSoC4/cyfitter_cfg.c **** 	{
 261:Generated_Source\PSoC4/cyfitter_cfg.c **** 		regValue &= ~0x80000000u;
 174              		.loc 1 261 0
 175 0010 5B00     		lsls	r3, r3, #1
 176              	.LVL9:
 177 0012 5B08     		lsrs	r3, r3, #1
 178              	.LVL10:
 179              	.L7:
 262:Generated_Source\PSoC4/cyfitter_cfg.c **** 	}
 263:Generated_Source\PSoC4/cyfitter_cfg.c **** 	CY_SET_XTND_REG32((void *)(CYREG_SAR_PUMP_CTRL), regValue);
 180              		.loc 1 263 0
 181 0014 014A     		ldr	r2, .L8
 182 0016 1360     		str	r3, [r2]
 264:Generated_Source\PSoC4/cyfitter_cfg.c **** }
 183              		.loc 1 264 0
 184              		@ sp needed
 185 0018 7047     		bx	lr
 186              	.L9:
 187 001a C046     		.align	2
 188              	.L8:
 189 001c 80033A40 		.word	1077543808
 190              		.cfi_endproc
 191              	.LFE6:
 192              		.size	SetAnalogRoutingPumps, .-SetAnalogRoutingPumps
ARM GAS  C:\Users\NGUYEN~1\AppData\Local\Temp\cct7AH6X.s 			page 9


 193              		.section	.text.AnalogSetDefault,"ax",%progbits
 194              		.align	2
 195              		.code	16
 196              		.thumb_func
 197              		.type	AnalogSetDefault, %function
 198              	AnalogSetDefault:
 199              	.LFB5:
 225:Generated_Source\PSoC4/cyfitter_cfg.c **** 	CY_SET_XTND_REG32((void CYFAR *)CYREG_CTBM0_DFT_CTRL, 0x00000003u);
 200              		.loc 1 225 0
 201              		.cfi_startproc
 202              		@ args = 0, pretend = 0, frame = 0
 203              		@ frame_needed = 0, uses_anonymous_args = 0
 204 0000 10B5     		push	{r4, lr}
 205              		.cfi_def_cfa_offset 8
 206              		.cfi_offset 4, -8
 207              		.cfi_offset 14, -4
 226:Generated_Source\PSoC4/cyfitter_cfg.c **** 	CY_SET_XTND_REG32((void CYFAR *)CYREG_CTBM1_DFT_CTRL, 0x00000003u);
 208              		.loc 1 226 0
 209 0002 0323     		movs	r3, #3
 210 0004 094A     		ldr	r2, .L11
 211 0006 1360     		str	r3, [r2]
 227:Generated_Source\PSoC4/cyfitter_cfg.c **** 	CY_SET_XTND_REG32((void CYFAR *)CYREG_SAR_CTRL, 0x80000000u);
 212              		.loc 1 227 0
 213 0008 094A     		ldr	r2, .L11+4
 214 000a 1360     		str	r3, [r2]
 228:Generated_Source\PSoC4/cyfitter_cfg.c **** 	CY_SET_XTND_REG32((void CYFAR *)CYREG_SAR_MUX_SWITCH0, 0x0000005Fu);
 215              		.loc 1 228 0
 216 000c 8022     		movs	r2, #128
 217 000e 1206     		lsls	r2, r2, #24
 218 0010 084B     		ldr	r3, .L11+8
 219 0012 1A60     		str	r2, [r3]
 229:Generated_Source\PSoC4/cyfitter_cfg.c **** 	CY_SET_XTND_REG32((void CYFAR *)CYREG_SAR_MUX_SWITCH_HW_CTRL, 0x0000005Fu);
 220              		.loc 1 229 0
 221 0014 5F23     		movs	r3, #95
 222 0016 084A     		ldr	r2, .L11+12
 223 0018 1360     		str	r3, [r2]
 230:Generated_Source\PSoC4/cyfitter_cfg.c **** 	CY_SET_XTND_REG32((void CYFAR *)CYREG_PASS_DSAB_DSAB_CTRL, 0x00000000u);
 224              		.loc 1 230 0
 225 001a 084A     		ldr	r2, .L11+16
 226 001c 1360     		str	r3, [r2]
 231:Generated_Source\PSoC4/cyfitter_cfg.c **** 	SetAnalogRoutingPumps(1);
 227              		.loc 1 231 0
 228 001e 0022     		movs	r2, #0
 229 0020 074B     		ldr	r3, .L11+20
 230 0022 1A60     		str	r2, [r3]
 232:Generated_Source\PSoC4/cyfitter_cfg.c **** }
 231              		.loc 1 232 0
 232 0024 0120     		movs	r0, #1
 233 0026 FFF7FEFF 		bl	SetAnalogRoutingPumps
 234              	.LVL11:
 233:Generated_Source\PSoC4/cyfitter_cfg.c **** 
 235              		.loc 1 233 0
 236              		@ sp needed
 237 002a 10BD     		pop	{r4, pc}
 238              	.L12:
 239              		.align	2
 240              	.L11:
ARM GAS  C:\Users\NGUYEN~1\AppData\Local\Temp\cct7AH6X.s 			page 10


 241 002c 30003040 		.word	1076887600
 242 0030 30003140 		.word	1076953136
 243 0034 00003A40 		.word	1077542912
 244 0038 00033A40 		.word	1077543680
 245 003c 40033A40 		.word	1077543744
 246 0040 000E3F40 		.word	1077874176
 247              		.cfi_endproc
 248              	.LFE5:
 249              		.size	AnalogSetDefault, .-AnalogSetDefault
 250              		.section	.psocinit
 251              		.align	2
 252              		.global	cyfitter_cfg
 253              		.code	16
 254              		.thumb_func
 255              		.type	cyfitter_cfg, %function
 256              	cyfitter_cfg:
 257              	.LFB7:
 265:Generated_Source\PSoC4/cyfitter_cfg.c **** 
 266:Generated_Source\PSoC4/cyfitter_cfg.c **** 
 267:Generated_Source\PSoC4/cyfitter_cfg.c **** 
 268:Generated_Source\PSoC4/cyfitter_cfg.c **** 
 269:Generated_Source\PSoC4/cyfitter_cfg.c **** /*******************************************************************************
 270:Generated_Source\PSoC4/cyfitter_cfg.c **** * Function Name: cyfitter_cfg
 271:Generated_Source\PSoC4/cyfitter_cfg.c **** ********************************************************************************
 272:Generated_Source\PSoC4/cyfitter_cfg.c **** * Summary:
 273:Generated_Source\PSoC4/cyfitter_cfg.c **** *  This function is called by the start-up code for the selected device. It
 274:Generated_Source\PSoC4/cyfitter_cfg.c **** *  performs all of the necessary device configuration based on the design
 275:Generated_Source\PSoC4/cyfitter_cfg.c **** *  settings.  This includes settings from the Design Wide Resources (DWR) such
 276:Generated_Source\PSoC4/cyfitter_cfg.c **** *  as Clocks and Pins as well as any component configuration that is necessary.
 277:Generated_Source\PSoC4/cyfitter_cfg.c **** *
 278:Generated_Source\PSoC4/cyfitter_cfg.c **** * Parameters:
 279:Generated_Source\PSoC4/cyfitter_cfg.c **** *   void
 280:Generated_Source\PSoC4/cyfitter_cfg.c **** *
 281:Generated_Source\PSoC4/cyfitter_cfg.c **** * Return:
 282:Generated_Source\PSoC4/cyfitter_cfg.c **** *   void
 283:Generated_Source\PSoC4/cyfitter_cfg.c **** *
 284:Generated_Source\PSoC4/cyfitter_cfg.c **** *******************************************************************************/
 285:Generated_Source\PSoC4/cyfitter_cfg.c **** CY_CFG_SECTION
 286:Generated_Source\PSoC4/cyfitter_cfg.c **** void cyfitter_cfg(void)
 287:Generated_Source\PSoC4/cyfitter_cfg.c **** {
 258              		.loc 1 287 0
 259              		.cfi_startproc
 260              		@ args = 0, pretend = 0, frame = 0
 261              		@ frame_needed = 0, uses_anonymous_args = 0
 262 0098 10B5     		push	{r4, lr}
 263              		.cfi_def_cfa_offset 8
 264              		.cfi_offset 4, -8
 265              		.cfi_offset 14, -4
 288:Generated_Source\PSoC4/cyfitter_cfg.c **** 	/* Disable interrupts by default. Let user enable if/when they want. */
 289:Generated_Source\PSoC4/cyfitter_cfg.c **** 	CyGlobalIntDisable;
 266              		.loc 1 289 0
 267              		.syntax divided
 268              	@ 289 "Generated_Source\PSoC4\cyfitter_cfg.c" 1
 269 009a 72B6     		CPSID   i
 270              	@ 0 "" 2
 271              	.LVL12:
 272              		.thumb
ARM GAS  C:\Users\NGUYEN~1\AppData\Local\Temp\cct7AH6X.s 			page 11


 273              		.syntax unified
 274              	.LBB2:
 290:Generated_Source\PSoC4/cyfitter_cfg.c **** 
 291:Generated_Source\PSoC4/cyfitter_cfg.c **** 	{
 292:Generated_Source\PSoC4/cyfitter_cfg.c **** 
 293:Generated_Source\PSoC4/cyfitter_cfg.c **** 		CYPACKED typedef struct {
 294:Generated_Source\PSoC4/cyfitter_cfg.c **** 			void CYFAR *address;
 295:Generated_Source\PSoC4/cyfitter_cfg.c **** 			uint16 size;
 296:Generated_Source\PSoC4/cyfitter_cfg.c **** 		} CYPACKED_ATTR cfg_memset_t;
 297:Generated_Source\PSoC4/cyfitter_cfg.c **** 
 298:Generated_Source\PSoC4/cyfitter_cfg.c **** 		static const cfg_memset_t CYCODE cfg_memset_list[] = {
 299:Generated_Source\PSoC4/cyfitter_cfg.c **** 			/* address, size */
 300:Generated_Source\PSoC4/cyfitter_cfg.c **** 			{(void CYFAR *)(CYDEV_UDB_P0_U0_BASE), 1024u},
 301:Generated_Source\PSoC4/cyfitter_cfg.c **** 			{(void CYFAR *)(CYDEV_UDB_DSI0_BASE), 1024u},
 302:Generated_Source\PSoC4/cyfitter_cfg.c **** 		};
 303:Generated_Source\PSoC4/cyfitter_cfg.c **** 
 304:Generated_Source\PSoC4/cyfitter_cfg.c **** 		uint8 CYDATA i;
 305:Generated_Source\PSoC4/cyfitter_cfg.c **** 
 306:Generated_Source\PSoC4/cyfitter_cfg.c **** 		/* Zero out critical memory blocks before beginning configuration */
 307:Generated_Source\PSoC4/cyfitter_cfg.c **** 		for (i = 0u; i < (sizeof(cfg_memset_list)/sizeof(cfg_memset_list[0])); i++)
 275              		.loc 1 307 0
 276 009c 0024     		movs	r4, #0
 277 009e 0FE0     		b	.L14
 278              	.LVL13:
 279              	.L15:
 280              	.LBB3:
 308:Generated_Source\PSoC4/cyfitter_cfg.c **** 		{
 309:Generated_Source\PSoC4/cyfitter_cfg.c **** 			const cfg_memset_t CYCODE * CYDATA ms = &cfg_memset_list[i];
 310:Generated_Source\PSoC4/cyfitter_cfg.c **** 			CYMEMZERO(ms->address, (size_t)(uint32)(ms->size));
 281              		.loc 1 310 0 discriminator 3
 282 00a0 2748     		ldr	r0, .L16
 283 00a2 6200     		lsls	r2, r4, #1
 284 00a4 1319     		adds	r3, r2, r4
 285 00a6 5900     		lsls	r1, r3, #1
 286 00a8 0B00     		movs	r3, r1
 287 00aa 4118     		adds	r1, r0, r1
 288 00ac 8988     		ldrh	r1, [r1, #4]
 289 00ae 1A5A     		ldrh	r2, [r3, r0]
 290 00b0 C318     		adds	r3, r0, r3
 291 00b2 5888     		ldrh	r0, [r3, #2]
 292 00b4 0004     		lsls	r0, r0, #16
 293 00b6 1043     		orrs	r0, r2
 294 00b8 FFF7FEFF 		bl	CYMEMZERO
 295              	.LVL14:
 296              	.LBE3:
 307:Generated_Source\PSoC4/cyfitter_cfg.c **** 		{
 297              		.loc 1 307 0 discriminator 3
 298 00bc 0134     		adds	r4, r4, #1
 299              	.LVL15:
 300 00be E4B2     		uxtb	r4, r4
 301              	.LVL16:
 302              	.L14:
 307:Generated_Source\PSoC4/cyfitter_cfg.c **** 		{
 303              		.loc 1 307 0 is_stmt 0 discriminator 1
 304 00c0 012C     		cmp	r4, #1
 305 00c2 EDD9     		bls	.L15
 311:Generated_Source\PSoC4/cyfitter_cfg.c **** 		}
ARM GAS  C:\Users\NGUYEN~1\AppData\Local\Temp\cct7AH6X.s 			page 12


 312:Generated_Source\PSoC4/cyfitter_cfg.c **** 
 313:Generated_Source\PSoC4/cyfitter_cfg.c **** 		/* HSIOM Starting address: CYDEV_HSIOM_BASE */
 314:Generated_Source\PSoC4/cyfitter_cfg.c **** 		CY_SET_REG32((void *)(CYREG_HSIOM_PORT_SEL3), 0x0000EE00u);
 306              		.loc 1 314 0 is_stmt 1
 307 00c4 EE22     		movs	r2, #238
 308 00c6 1202     		lsls	r2, r2, #8
 309 00c8 1E4B     		ldr	r3, .L16+4
 310 00ca 1A60     		str	r2, [r3]
 315:Generated_Source\PSoC4/cyfitter_cfg.c **** 		CY_SET_REG32((void *)(CYREG_HSIOM_PORT_SEL6), 0x00000099u);
 311              		.loc 1 315 0
 312 00cc 9922     		movs	r2, #153
 313 00ce 1E4B     		ldr	r3, .L16+8
 314 00d0 1A60     		str	r2, [r3]
 316:Generated_Source\PSoC4/cyfitter_cfg.c **** 
 317:Generated_Source\PSoC4/cyfitter_cfg.c **** 		/* UDB_PA_0 Starting address: CYDEV_UDB_PA0_BASE */
 318:Generated_Source\PSoC4/cyfitter_cfg.c **** 		CY_SET_REG32((void *)(CYDEV_UDB_PA0_BASE), 0x00990000u);
 315              		.loc 1 318 0
 316 00d2 9923     		movs	r3, #153
 317 00d4 1B04     		lsls	r3, r3, #16
 318 00d6 1D4A     		ldr	r2, .L16+12
 319 00d8 1360     		str	r3, [r2]
 319:Generated_Source\PSoC4/cyfitter_cfg.c **** 
 320:Generated_Source\PSoC4/cyfitter_cfg.c **** 		/* UDB_PA_1 Starting address: CYDEV_UDB_PA1_BASE */
 321:Generated_Source\PSoC4/cyfitter_cfg.c **** 		CY_SET_REG32((void *)(CYDEV_UDB_PA1_BASE), 0x00990000u);
 320              		.loc 1 321 0
 321 00da 1D4A     		ldr	r2, .L16+16
 322 00dc 1360     		str	r3, [r2]
 322:Generated_Source\PSoC4/cyfitter_cfg.c **** 
 323:Generated_Source\PSoC4/cyfitter_cfg.c **** 		/* UDB_PA_2 Starting address: CYDEV_UDB_PA2_BASE */
 324:Generated_Source\PSoC4/cyfitter_cfg.c **** 		CY_SET_REG32((void *)(CYDEV_UDB_PA2_BASE), 0x00990000u);
 323              		.loc 1 324 0
 324 00de 1D4A     		ldr	r2, .L16+20
 325 00e0 1360     		str	r3, [r2]
 325:Generated_Source\PSoC4/cyfitter_cfg.c **** 
 326:Generated_Source\PSoC4/cyfitter_cfg.c **** 		/* UDB_PA_3 Starting address: CYDEV_UDB_PA3_BASE */
 327:Generated_Source\PSoC4/cyfitter_cfg.c **** 		CY_SET_REG32((void *)(CYDEV_UDB_PA3_BASE), 0x00990000u);
 326              		.loc 1 327 0
 327 00e2 1D4A     		ldr	r2, .L16+24
 328 00e4 1360     		str	r3, [r2]
 328:Generated_Source\PSoC4/cyfitter_cfg.c **** 
 329:Generated_Source\PSoC4/cyfitter_cfg.c **** 		/* Enable digital routing */
 330:Generated_Source\PSoC4/cyfitter_cfg.c **** 		CY_SET_XTND_REG8((void *)CYREG_UDB_UDBIF_BANK_CTL, (uint8)(CY_GET_XTND_REG8((void *)CYREG_UDB_UDB
 329              		.loc 1 330 0
 330 00e6 1D4A     		ldr	r2, .L16+28
 331 00e8 1178     		ldrb	r1, [r2]
 332 00ea 0623     		movs	r3, #6
 333 00ec 0B43     		orrs	r3, r1
 334 00ee DBB2     		uxtb	r3, r3
 335 00f0 1370     		strb	r3, [r2]
 336              	.LBE2:
 331:Generated_Source\PSoC4/cyfitter_cfg.c **** 	}
 332:Generated_Source\PSoC4/cyfitter_cfg.c **** 
 333:Generated_Source\PSoC4/cyfitter_cfg.c **** 	/* Perform second pass device configuration. These items must be configured in specific order afte
 334:Generated_Source\PSoC4/cyfitter_cfg.c **** 	/* IOPINS0_0 Starting address: CYDEV_GPIO_PRT0_BASE */
 335:Generated_Source\PSoC4/cyfitter_cfg.c **** 	CY_SET_REG32((void *)(CYREG_GPIO_PRT0_PC), 0x00DB6DB6u);
 337              		.loc 1 335 0
 338 00f2 1B4A     		ldr	r2, .L16+32
ARM GAS  C:\Users\NGUYEN~1\AppData\Local\Temp\cct7AH6X.s 			page 13


 339 00f4 1B4B     		ldr	r3, .L16+36
 340 00f6 1A60     		str	r2, [r3]
 336:Generated_Source\PSoC4/cyfitter_cfg.c **** 
 337:Generated_Source\PSoC4/cyfitter_cfg.c **** 	/* IOPINS0_1 Starting address: CYDEV_GPIO_PRT1_BASE */
 338:Generated_Source\PSoC4/cyfitter_cfg.c **** 	CY_SET_REG32((void *)(CYREG_GPIO_PRT1_PC), 0x001B6DB1u);
 341              		.loc 1 338 0
 342 00f8 1B4A     		ldr	r2, .L16+40
 343 00fa 1C4B     		ldr	r3, .L16+44
 344 00fc 1A60     		str	r2, [r3]
 339:Generated_Source\PSoC4/cyfitter_cfg.c **** 
 340:Generated_Source\PSoC4/cyfitter_cfg.c **** 	/* IOPINS0_2 Starting address: CYDEV_GPIO_PRT2_BASE */
 341:Generated_Source\PSoC4/cyfitter_cfg.c **** 	CY_SET_REG32((void *)(CYDEV_GPIO_PRT2_BASE), 0x0000005Fu);
 345              		.loc 1 341 0
 346 00fe 5F23     		movs	r3, #95
 347 0100 1B4A     		ldr	r2, .L16+48
 348 0102 1360     		str	r3, [r2]
 342:Generated_Source\PSoC4/cyfitter_cfg.c **** 	CY_SET_REG32((void *)(CYREG_GPIO_PRT2_PC2), 0x0000005Fu);
 349              		.loc 1 342 0
 350 0104 1B4A     		ldr	r2, .L16+52
 351 0106 1360     		str	r3, [r2]
 343:Generated_Source\PSoC4/cyfitter_cfg.c **** 
 344:Generated_Source\PSoC4/cyfitter_cfg.c **** 	/* IOPINS0_3 Starting address: CYDEV_GPIO_PRT3_BASE */
 345:Generated_Source\PSoC4/cyfitter_cfg.c **** 	CY_SET_REG32((void *)(CYREG_GPIO_PRT3_PC), 0x00DB0D80u);
 352              		.loc 1 345 0
 353 0108 1B4A     		ldr	r2, .L16+56
 354 010a 1C4B     		ldr	r3, .L16+60
 355 010c 1A60     		str	r2, [r3]
 346:Generated_Source\PSoC4/cyfitter_cfg.c **** 
 347:Generated_Source\PSoC4/cyfitter_cfg.c **** 	/* IOPINS0_4 Starting address: CYDEV_GPIO_PRT4_BASE */
 348:Generated_Source\PSoC4/cyfitter_cfg.c **** 	CY_SET_REG32((void *)(CYREG_GPIO_PRT4_PC), 0x001B6DB6u);
 356              		.loc 1 348 0
 357 010e 1C4A     		ldr	r2, .L16+64
 358 0110 1C4B     		ldr	r3, .L16+68
 359 0112 1A60     		str	r2, [r3]
 349:Generated_Source\PSoC4/cyfitter_cfg.c **** 
 350:Generated_Source\PSoC4/cyfitter_cfg.c **** 	/* IOPINS0_5 Starting address: CYDEV_GPIO_PRT5_BASE */
 351:Generated_Source\PSoC4/cyfitter_cfg.c **** 	CY_SET_REG32((void *)(CYREG_GPIO_PRT5_PC), 0x00008249u);
 360              		.loc 1 351 0
 361 0114 1C4A     		ldr	r2, .L16+72
 362 0116 1D4B     		ldr	r3, .L16+76
 363 0118 1A60     		str	r2, [r3]
 352:Generated_Source\PSoC4/cyfitter_cfg.c **** 
 353:Generated_Source\PSoC4/cyfitter_cfg.c **** 	/* IOPINS0_6 Starting address: CYDEV_GPIO_PRT6_BASE */
 354:Generated_Source\PSoC4/cyfitter_cfg.c **** 	CY_SET_REG32((void *)(CYDEV_GPIO_PRT6_BASE), 0x00000002u);
 364              		.loc 1 354 0
 365 011a 0223     		movs	r3, #2
 366 011c 1C4A     		ldr	r2, .L16+80
 367 011e 1360     		str	r3, [r2]
 355:Generated_Source\PSoC4/cyfitter_cfg.c **** 	CY_SET_REG32((void *)(CYREG_GPIO_PRT6_PC), 0x00000031u);
 368              		.loc 1 355 0
 369 0120 3121     		movs	r1, #49
 370 0122 1C4A     		ldr	r2, .L16+84
 371 0124 1160     		str	r1, [r2]
 356:Generated_Source\PSoC4/cyfitter_cfg.c **** 	CY_SET_REG32((void *)(CYREG_GPIO_PRT6_PC2), 0x00000002u);
 372              		.loc 1 356 0
 373 0126 1C4A     		ldr	r2, .L16+88
 374 0128 1360     		str	r3, [r2]
ARM GAS  C:\Users\NGUYEN~1\AppData\Local\Temp\cct7AH6X.s 			page 14


 357:Generated_Source\PSoC4/cyfitter_cfg.c **** 
 358:Generated_Source\PSoC4/cyfitter_cfg.c **** 	/* IOPINS0_7 Starting address: CYDEV_GPIO_PRT7_BASE */
 359:Generated_Source\PSoC4/cyfitter_cfg.c **** 	CY_SET_REG32((void *)(CYDEV_GPIO_PRT7_BASE), 0x00000003u);
 375              		.loc 1 359 0
 376 012a 0322     		movs	r2, #3
 377 012c 1B4B     		ldr	r3, .L16+92
 378 012e 1A60     		str	r2, [r3]
 360:Generated_Source\PSoC4/cyfitter_cfg.c **** 	CY_SET_REG32((void *)(CYREG_GPIO_PRT7_PC), 0x00000012u);
 379              		.loc 1 360 0
 380 0130 0F32     		adds	r2, r2, #15
 381 0132 1B4B     		ldr	r3, .L16+96
 382 0134 1A60     		str	r2, [r3]
 361:Generated_Source\PSoC4/cyfitter_cfg.c **** 
 362:Generated_Source\PSoC4/cyfitter_cfg.c **** 
 363:Generated_Source\PSoC4/cyfitter_cfg.c **** 	/* Setup clocks based on selections from Clock DWR */
 364:Generated_Source\PSoC4/cyfitter_cfg.c **** 	ClockSetup();
 383              		.loc 1 364 0
 384 0136 FFF763FF 		bl	ClockSetup
 385              	.LVL17:
 365:Generated_Source\PSoC4/cyfitter_cfg.c **** 
 366:Generated_Source\PSoC4/cyfitter_cfg.c **** 	/* Perform basic analog initialization to defaults */
 367:Generated_Source\PSoC4/cyfitter_cfg.c **** 	AnalogSetDefault();
 386              		.loc 1 367 0
 387 013a FFF7FEFF 		bl	AnalogSetDefault
 388              	.LVL18:
 368:Generated_Source\PSoC4/cyfitter_cfg.c **** 
 369:Generated_Source\PSoC4/cyfitter_cfg.c **** }
 389              		.loc 1 369 0
 390              		@ sp needed
 391              	.LVL19:
 392 013e 10BD     		pop	{r4, pc}
 393              	.L17:
 394              		.align	2
 395              	.L16:
 396 0140 00000000 		.word	.LANCHOR0
 397 0144 00030240 		.word	1073873664
 398 0148 00060240 		.word	1073874432
 399 014c 00500F40 		.word	1074745344
 400 0150 10500F40 		.word	1074745360
 401 0154 20500F40 		.word	1074745376
 402 0158 30500F40 		.word	1074745392
 403 015c 00700F40 		.word	1074753536
 404 0160 B66DDB00 		.word	14380470
 405 0164 08000440 		.word	1074003976
 406 0168 B16D1B00 		.word	1797553
 407 016c 08010440 		.word	1074004232
 408 0170 00020440 		.word	1074004480
 409 0174 18020440 		.word	1074004504
 410 0178 800DDB00 		.word	14355840
 411 017c 08030440 		.word	1074004744
 412 0180 B66D1B00 		.word	1797558
 413 0184 08040440 		.word	1074005000
 414 0188 49820000 		.word	33353
 415 018c 08050440 		.word	1074005256
 416 0190 00060440 		.word	1074005504
 417 0194 08060440 		.word	1074005512
 418 0198 18060440 		.word	1074005528
ARM GAS  C:\Users\NGUYEN~1\AppData\Local\Temp\cct7AH6X.s 			page 15


 419 019c 00070440 		.word	1074005760
 420 01a0 08070440 		.word	1074005768
 421              		.cfi_endproc
 422              	.LFE7:
 423              		.size	cyfitter_cfg, .-cyfitter_cfg
 424              		.section	.rodata
 425              		.align	2
 426              		.set	.LANCHOR0,. + 0
 427              		.type	cfg_memset_list.4894, %object
 428              		.size	cfg_memset_list.4894, 12
 429              	cfg_memset_list.4894:
 430 0000 00300F40 		.word	1074737152
 431 0004 0004     		.short	1024
 432 0006 00400F40 		.4byte	1074741248
 433 000a 0004     		.short	1024
 434              		.text
 435              	.Letext0:
 436              		.file 2 "c:\\program files (x86)\\cypress\\psoc creator\\4.4\\psoc creator\\import\\gnu\\arm\\5.4.
 437              		.file 3 "Generated_Source\\PSoC4\\cytypes.h"
 438              		.file 4 "Generated_Source\\PSoC4\\CyLib.h"
 439              		.section	.debug_info,"",%progbits
 440              	.Ldebug_info0:
 441 0000 DB020000 		.4byte	0x2db
 442 0004 0400     		.2byte	0x4
 443 0006 00000000 		.4byte	.Ldebug_abbrev0
 444 000a 04       		.byte	0x4
 445 000b 01       		.uleb128 0x1
 446 000c 6A010000 		.4byte	.LASF34
 447 0010 0C       		.byte	0xc
 448 0011 69020000 		.4byte	.LASF35
 449 0015 5B000000 		.4byte	.LASF36
 450 0019 00000000 		.4byte	.Ldebug_ranges0+0
 451 001d 00000000 		.4byte	0
 452 0021 00000000 		.4byte	.Ldebug_line0
 453 0025 02       		.uleb128 0x2
 454 0026 04       		.byte	0x4
 455 0027 05       		.byte	0x5
 456 0028 696E7400 		.ascii	"int\000"
 457 002c 03       		.uleb128 0x3
 458 002d 06000000 		.4byte	.LASF12
 459 0031 02       		.byte	0x2
 460 0032 D8       		.byte	0xd8
 461 0033 37000000 		.4byte	0x37
 462 0037 04       		.uleb128 0x4
 463 0038 04       		.byte	0x4
 464 0039 07       		.byte	0x7
 465 003a 31010000 		.4byte	.LASF0
 466 003e 04       		.uleb128 0x4
 467 003f 08       		.byte	0x8
 468 0040 05       		.byte	0x5
 469 0041 0E020000 		.4byte	.LASF1
 470 0045 04       		.uleb128 0x4
 471 0046 08       		.byte	0x8
 472 0047 04       		.byte	0x4
 473 0048 51020000 		.4byte	.LASF2
 474 004c 04       		.uleb128 0x4
 475 004d 01       		.byte	0x1
ARM GAS  C:\Users\NGUYEN~1\AppData\Local\Temp\cct7AH6X.s 			page 16


 476 004e 06       		.byte	0x6
 477 004f 5D020000 		.4byte	.LASF3
 478 0053 04       		.uleb128 0x4
 479 0054 01       		.byte	0x1
 480 0055 08       		.byte	0x8
 481 0056 FB000000 		.4byte	.LASF4
 482 005a 04       		.uleb128 0x4
 483 005b 02       		.byte	0x2
 484 005c 05       		.byte	0x5
 485 005d 29020000 		.4byte	.LASF5
 486 0061 04       		.uleb128 0x4
 487 0062 02       		.byte	0x2
 488 0063 07       		.byte	0x7
 489 0064 48000000 		.4byte	.LASF6
 490 0068 04       		.uleb128 0x4
 491 0069 04       		.byte	0x4
 492 006a 05       		.byte	0x5
 493 006b 48020000 		.4byte	.LASF7
 494 006f 04       		.uleb128 0x4
 495 0070 04       		.byte	0x4
 496 0071 07       		.byte	0x7
 497 0072 C3000000 		.4byte	.LASF8
 498 0076 04       		.uleb128 0x4
 499 0077 08       		.byte	0x8
 500 0078 07       		.byte	0x7
 501 0079 53010000 		.4byte	.LASF9
 502 007d 04       		.uleb128 0x4
 503 007e 04       		.byte	0x4
 504 007f 07       		.byte	0x7
 505 0080 05020000 		.4byte	.LASF10
 506 0084 05       		.uleb128 0x5
 507 0085 04       		.byte	0x4
 508 0086 04       		.uleb128 0x4
 509 0087 01       		.byte	0x1
 510 0088 08       		.byte	0x8
 511 0089 1C020000 		.4byte	.LASF11
 512 008d 06       		.uleb128 0x6
 513 008e D5000000 		.4byte	.LASF13
 514 0092 03       		.byte	0x3
 515 0093 FB01     		.2byte	0x1fb
 516 0095 53000000 		.4byte	0x53
 517 0099 06       		.uleb128 0x6
 518 009a 23010000 		.4byte	.LASF14
 519 009e 03       		.byte	0x3
 520 009f FC01     		.2byte	0x1fc
 521 00a1 61000000 		.4byte	0x61
 522 00a5 06       		.uleb128 0x6
 523 00a6 2A010000 		.4byte	.LASF15
 524 00aa 03       		.byte	0x3
 525 00ab FD01     		.2byte	0x1fd
 526 00ad 6F000000 		.4byte	0x6f
 527 00b1 04       		.uleb128 0x4
 528 00b2 04       		.byte	0x4
 529 00b3 04       		.byte	0x4
 530 00b4 B3000000 		.4byte	.LASF16
 531 00b8 04       		.uleb128 0x4
 532 00b9 08       		.byte	0x8
ARM GAS  C:\Users\NGUYEN~1\AppData\Local\Temp\cct7AH6X.s 			page 17


 533 00ba 04       		.byte	0x4
 534 00bb 10010000 		.4byte	.LASF17
 535 00bf 06       		.uleb128 0x6
 536 00c0 BE000000 		.4byte	.LASF18
 537 00c4 03       		.byte	0x3
 538 00c5 A502     		.2byte	0x2a5
 539 00c7 CB000000 		.4byte	0xcb
 540 00cb 07       		.uleb128 0x7
 541 00cc 8D000000 		.4byte	0x8d
 542 00d0 06       		.uleb128 0x6
 543 00d1 00000000 		.4byte	.LASF19
 544 00d5 03       		.byte	0x3
 545 00d6 A702     		.2byte	0x2a7
 546 00d8 DC000000 		.4byte	0xdc
 547 00dc 07       		.uleb128 0x7
 548 00dd A5000000 		.4byte	0xa5
 549 00e1 08       		.uleb128 0x8
 550 00e2 DB000000 		.4byte	.LASF20
 551 00e6 01       		.byte	0x1
 552 00e7 4C       		.byte	0x4c
 553 00e8 00000000 		.4byte	.LFB1
 554 00ec 0C000000 		.4byte	.LFE1-.LFB1
 555 00f0 01       		.uleb128 0x1
 556 00f1 9C       		.byte	0x9c
 557 00f2 2E010000 		.4byte	0x12e
 558 00f6 09       		.uleb128 0x9
 559 00f7 7300     		.ascii	"s\000"
 560 00f9 01       		.byte	0x1
 561 00fa 4C       		.byte	0x4c
 562 00fb 84000000 		.4byte	0x84
 563 00ff 00000000 		.4byte	.LLST0
 564 0103 09       		.uleb128 0x9
 565 0104 6E00     		.ascii	"n\000"
 566 0106 01       		.byte	0x1
 567 0107 4C       		.byte	0x4c
 568 0108 2C000000 		.4byte	0x2c
 569 010c 21000000 		.4byte	.LLST1
 570 0110 0A       		.uleb128 0xa
 571 0111 0A000000 		.4byte	.LVL2
 572 0115 B4020000 		.4byte	0x2b4
 573 0119 0B       		.uleb128 0xb
 574 011a 01       		.uleb128 0x1
 575 011b 50       		.byte	0x50
 576 011c 03       		.uleb128 0x3
 577 011d F3       		.byte	0xf3
 578 011e 01       		.uleb128 0x1
 579 011f 50       		.byte	0x50
 580 0120 0B       		.uleb128 0xb
 581 0121 01       		.uleb128 0x1
 582 0122 51       		.byte	0x51
 583 0123 01       		.uleb128 0x1
 584 0124 30       		.byte	0x30
 585 0125 0B       		.uleb128 0xb
 586 0126 01       		.uleb128 0x1
 587 0127 52       		.byte	0x52
 588 0128 03       		.uleb128 0x3
 589 0129 F3       		.byte	0xf3
ARM GAS  C:\Users\NGUYEN~1\AppData\Local\Temp\cct7AH6X.s 			page 18


 590 012a 01       		.uleb128 0x1
 591 012b 51       		.byte	0x51
 592 012c 00       		.byte	0
 593 012d 00       		.byte	0
 594 012e 08       		.uleb128 0x8
 595 012f 3D000000 		.4byte	.LASF21
 596 0133 01       		.byte	0x1
 597 0134 AA       		.byte	0xaa
 598 0135 00000000 		.4byte	.LFB4
 599 0139 98000000 		.4byte	.LFE4-.LFB4
 600 013d 01       		.uleb128 0x1
 601 013e 9C       		.byte	0x9c
 602 013f 7A010000 		.4byte	0x17a
 603 0143 0C       		.uleb128 0xc
 604 0144 0E000000 		.4byte	.LVL3
 605 0148 BD020000 		.4byte	0x2bd
 606 014c 57010000 		.4byte	0x157
 607 0150 0B       		.uleb128 0xb
 608 0151 01       		.uleb128 0x1
 609 0152 50       		.byte	0x50
 610 0153 02       		.uleb128 0x2
 611 0154 08       		.byte	0x8
 612 0155 30       		.byte	0x30
 613 0156 00       		.byte	0
 614 0157 0C       		.uleb128 0xc
 615 0158 52000000 		.4byte	.LVL4
 616 015c C8020000 		.4byte	0x2c8
 617 0160 6A010000 		.4byte	0x16a
 618 0164 0B       		.uleb128 0xb
 619 0165 01       		.uleb128 0x1
 620 0166 50       		.byte	0x50
 621 0167 01       		.uleb128 0x1
 622 0168 37       		.byte	0x37
 623 0169 00       		.byte	0
 624 016a 0A       		.uleb128 0xa
 625 016b 58000000 		.4byte	.LVL5
 626 016f D3020000 		.4byte	0x2d3
 627 0173 0B       		.uleb128 0xb
 628 0174 01       		.uleb128 0x1
 629 0175 50       		.byte	0x50
 630 0176 01       		.uleb128 0x1
 631 0177 37       		.byte	0x37
 632 0178 00       		.byte	0
 633 0179 00       		.byte	0
 634 017a 0D       		.uleb128 0xd
 635 017b E5000000 		.4byte	.LASF24
 636 017f 01       		.byte	0x1
 637 0180 FC       		.byte	0xfc
 638 0181 00000000 		.4byte	.LFB6
 639 0185 20000000 		.4byte	.LFE6-.LFB6
 640 0189 01       		.uleb128 0x1
 641 018a 9C       		.byte	0x9c
 642 018b AC010000 		.4byte	0x1ac
 643 018f 0E       		.uleb128 0xe
 644 0190 21020000 		.4byte	.LASF22
 645 0194 01       		.byte	0x1
 646 0195 FC       		.byte	0xfc
ARM GAS  C:\Users\NGUYEN~1\AppData\Local\Temp\cct7AH6X.s 			page 19


 647 0196 8D000000 		.4byte	0x8d
 648 019a 01       		.uleb128 0x1
 649 019b 50       		.byte	0x50
 650 019c 0F       		.uleb128 0xf
 651 019d 8F020000 		.4byte	.LASF29
 652 01a1 01       		.byte	0x1
 653 01a2 FE       		.byte	0xfe
 654 01a3 A5000000 		.4byte	0xa5
 655 01a7 4D000000 		.4byte	.LLST2
 656 01ab 00       		.byte	0
 657 01ac 08       		.uleb128 0x8
 658 01ad 0D000000 		.4byte	.LASF23
 659 01b1 01       		.byte	0x1
 660 01b2 E0       		.byte	0xe0
 661 01b3 00000000 		.4byte	.LFB5
 662 01b7 44000000 		.4byte	.LFE5-.LFB5
 663 01bb 01       		.uleb128 0x1
 664 01bc 9C       		.byte	0x9c
 665 01bd D1010000 		.4byte	0x1d1
 666 01c1 0A       		.uleb128 0xa
 667 01c2 2A000000 		.4byte	.LVL11
 668 01c6 7A010000 		.4byte	0x17a
 669 01ca 0B       		.uleb128 0xb
 670 01cb 01       		.uleb128 0x1
 671 01cc 50       		.byte	0x50
 672 01cd 01       		.uleb128 0x1
 673 01ce 31       		.byte	0x31
 674 01cf 00       		.byte	0
 675 01d0 00       		.byte	0
 676 01d1 10       		.uleb128 0x10
 677 01d2 3E010000 		.4byte	.LASF25
 678 01d6 01       		.byte	0x1
 679 01d7 1E01     		.2byte	0x11e
 680 01d9 98000000 		.4byte	.LFB7
 681 01dd 0C010000 		.4byte	.LFE7-.LFB7
 682 01e1 01       		.uleb128 0x1
 683 01e2 9C       		.byte	0x9c
 684 01e3 B4020000 		.4byte	0x2b4
 685 01e7 11       		.uleb128 0x11
 686 01e8 9C000000 		.4byte	.LBB2
 687 01ec 56000000 		.4byte	.LBE2-.LBB2
 688 01f0 A1020000 		.4byte	0x2a1
 689 01f4 12       		.uleb128 0x12
 690 01f5 06       		.byte	0x6
 691 01f6 01       		.byte	0x1
 692 01f7 2501     		.2byte	0x125
 693 01f9 18020000 		.4byte	0x218
 694 01fd 13       		.uleb128 0x13
 695 01fe 4B010000 		.4byte	.LASF26
 696 0202 01       		.byte	0x1
 697 0203 2601     		.2byte	0x126
 698 0205 84000000 		.4byte	0x84
 699 0209 00       		.byte	0
 700 020a 13       		.uleb128 0x13
 701 020b B9000000 		.4byte	.LASF27
 702 020f 01       		.byte	0x1
 703 0210 2701     		.2byte	0x127
ARM GAS  C:\Users\NGUYEN~1\AppData\Local\Temp\cct7AH6X.s 			page 20


 704 0212 99000000 		.4byte	0x99
 705 0216 04       		.byte	0x4
 706 0217 00       		.byte	0
 707 0218 06       		.uleb128 0x6
 708 0219 F8010000 		.4byte	.LASF28
 709 021d 01       		.byte	0x1
 710 021e 2801     		.2byte	0x128
 711 0220 F4010000 		.4byte	0x1f4
 712 0224 14       		.uleb128 0x14
 713 0225 34020000 		.4byte	0x234
 714 0229 34020000 		.4byte	0x234
 715 022d 15       		.uleb128 0x15
 716 022e 7D000000 		.4byte	0x7d
 717 0232 01       		.byte	0x1
 718 0233 00       		.byte	0
 719 0234 16       		.uleb128 0x16
 720 0235 18020000 		.4byte	0x218
 721 0239 17       		.uleb128 0x17
 722 023a 2D000000 		.4byte	.LASF30
 723 023e 01       		.byte	0x1
 724 023f 2A01     		.2byte	0x12a
 725 0241 4B020000 		.4byte	0x24b
 726 0245 05       		.uleb128 0x5
 727 0246 03       		.byte	0x3
 728 0247 00000000 		.4byte	cfg_memset_list.4894
 729 024b 16       		.uleb128 0x16
 730 024c 24020000 		.4byte	0x224
 731 0250 18       		.uleb128 0x18
 732 0251 6900     		.ascii	"i\000"
 733 0253 01       		.byte	0x1
 734 0254 3001     		.2byte	0x130
 735 0256 8D000000 		.4byte	0x8d
 736 025a 6B000000 		.4byte	.LLST3
 737 025e 19       		.uleb128 0x19
 738 025f A0000000 		.4byte	.LBB3
 739 0263 1C000000 		.4byte	.LBE3-.LBB3
 740 0267 18       		.uleb128 0x18
 741 0268 6D7300   		.ascii	"ms\000"
 742 026b 01       		.byte	0x1
 743 026c 3501     		.2byte	0x135
 744 026e 76020000 		.4byte	0x276
 745 0272 95000000 		.4byte	.LLST4
 746 0276 1A       		.uleb128 0x1a
 747 0277 04       		.byte	0x4
 748 0278 34020000 		.4byte	0x234
 749 027c 0A       		.uleb128 0xa
 750 027d BC000000 		.4byte	.LVL14
 751 0281 E1000000 		.4byte	0xe1
 752 0285 0B       		.uleb128 0xb
 753 0286 01       		.uleb128 0x1
 754 0287 51       		.byte	0x51
 755 0288 15       		.uleb128 0x15
 756 0289 74       		.byte	0x74
 757 028a 00       		.sleb128 0
 758 028b 31       		.byte	0x31
 759 028c 24       		.byte	0x24
 760 028d 74       		.byte	0x74
ARM GAS  C:\Users\NGUYEN~1\AppData\Local\Temp\cct7AH6X.s 			page 21


 761 028e 00       		.sleb128 0
 762 028f 22       		.byte	0x22
 763 0290 31       		.byte	0x31
 764 0291 24       		.byte	0x24
 765 0292 03       		.byte	0x3
 766 0293 04000000 		.4byte	.LANCHOR0+4
 767 0297 22       		.byte	0x22
 768 0298 94       		.byte	0x94
 769 0299 02       		.byte	0x2
 770 029a 0A       		.byte	0xa
 771 029b FFFF     		.2byte	0xffff
 772 029d 1A       		.byte	0x1a
 773 029e 00       		.byte	0
 774 029f 00       		.byte	0
 775 02a0 00       		.byte	0
 776 02a1 1B       		.uleb128 0x1b
 777 02a2 3A010000 		.4byte	.LVL17
 778 02a6 2E010000 		.4byte	0x12e
 779 02aa 1B       		.uleb128 0x1b
 780 02ab 3E010000 		.4byte	.LVL18
 781 02af AC010000 		.4byte	0x1ac
 782 02b3 00       		.byte	0
 783 02b4 1C       		.uleb128 0x1c
 784 02b5 09010000 		.4byte	.LASF37
 785 02b9 09010000 		.4byte	.LASF37
 786 02bd 1D       		.uleb128 0x1d
 787 02be 33020000 		.4byte	.LASF31
 788 02c2 33020000 		.4byte	.LASF31
 789 02c6 04       		.byte	0x4
 790 02c7 6C       		.byte	0x6c
 791 02c8 1D       		.uleb128 0x1d
 792 02c9 1E000000 		.4byte	.LASF32
 793 02cd 1E000000 		.4byte	.LASF32
 794 02d1 04       		.byte	0x4
 795 02d2 D0       		.byte	0xd0
 796 02d3 1D       		.uleb128 0x1d
 797 02d4 17010000 		.4byte	.LASF33
 798 02d8 17010000 		.4byte	.LASF33
 799 02dc 04       		.byte	0x4
 800 02dd D6       		.byte	0xd6
 801 02de 00       		.byte	0
 802              		.section	.debug_abbrev,"",%progbits
 803              	.Ldebug_abbrev0:
 804 0000 01       		.uleb128 0x1
 805 0001 11       		.uleb128 0x11
 806 0002 01       		.byte	0x1
 807 0003 25       		.uleb128 0x25
 808 0004 0E       		.uleb128 0xe
 809 0005 13       		.uleb128 0x13
 810 0006 0B       		.uleb128 0xb
 811 0007 03       		.uleb128 0x3
 812 0008 0E       		.uleb128 0xe
 813 0009 1B       		.uleb128 0x1b
 814 000a 0E       		.uleb128 0xe
 815 000b 55       		.uleb128 0x55
 816 000c 17       		.uleb128 0x17
 817 000d 11       		.uleb128 0x11
ARM GAS  C:\Users\NGUYEN~1\AppData\Local\Temp\cct7AH6X.s 			page 22


 818 000e 01       		.uleb128 0x1
 819 000f 10       		.uleb128 0x10
 820 0010 17       		.uleb128 0x17
 821 0011 00       		.byte	0
 822 0012 00       		.byte	0
 823 0013 02       		.uleb128 0x2
 824 0014 24       		.uleb128 0x24
 825 0015 00       		.byte	0
 826 0016 0B       		.uleb128 0xb
 827 0017 0B       		.uleb128 0xb
 828 0018 3E       		.uleb128 0x3e
 829 0019 0B       		.uleb128 0xb
 830 001a 03       		.uleb128 0x3
 831 001b 08       		.uleb128 0x8
 832 001c 00       		.byte	0
 833 001d 00       		.byte	0
 834 001e 03       		.uleb128 0x3
 835 001f 16       		.uleb128 0x16
 836 0020 00       		.byte	0
 837 0021 03       		.uleb128 0x3
 838 0022 0E       		.uleb128 0xe
 839 0023 3A       		.uleb128 0x3a
 840 0024 0B       		.uleb128 0xb
 841 0025 3B       		.uleb128 0x3b
 842 0026 0B       		.uleb128 0xb
 843 0027 49       		.uleb128 0x49
 844 0028 13       		.uleb128 0x13
 845 0029 00       		.byte	0
 846 002a 00       		.byte	0
 847 002b 04       		.uleb128 0x4
 848 002c 24       		.uleb128 0x24
 849 002d 00       		.byte	0
 850 002e 0B       		.uleb128 0xb
 851 002f 0B       		.uleb128 0xb
 852 0030 3E       		.uleb128 0x3e
 853 0031 0B       		.uleb128 0xb
 854 0032 03       		.uleb128 0x3
 855 0033 0E       		.uleb128 0xe
 856 0034 00       		.byte	0
 857 0035 00       		.byte	0
 858 0036 05       		.uleb128 0x5
 859 0037 0F       		.uleb128 0xf
 860 0038 00       		.byte	0
 861 0039 0B       		.uleb128 0xb
 862 003a 0B       		.uleb128 0xb
 863 003b 00       		.byte	0
 864 003c 00       		.byte	0
 865 003d 06       		.uleb128 0x6
 866 003e 16       		.uleb128 0x16
 867 003f 00       		.byte	0
 868 0040 03       		.uleb128 0x3
 869 0041 0E       		.uleb128 0xe
 870 0042 3A       		.uleb128 0x3a
 871 0043 0B       		.uleb128 0xb
 872 0044 3B       		.uleb128 0x3b
 873 0045 05       		.uleb128 0x5
 874 0046 49       		.uleb128 0x49
ARM GAS  C:\Users\NGUYEN~1\AppData\Local\Temp\cct7AH6X.s 			page 23


 875 0047 13       		.uleb128 0x13
 876 0048 00       		.byte	0
 877 0049 00       		.byte	0
 878 004a 07       		.uleb128 0x7
 879 004b 35       		.uleb128 0x35
 880 004c 00       		.byte	0
 881 004d 49       		.uleb128 0x49
 882 004e 13       		.uleb128 0x13
 883 004f 00       		.byte	0
 884 0050 00       		.byte	0
 885 0051 08       		.uleb128 0x8
 886 0052 2E       		.uleb128 0x2e
 887 0053 01       		.byte	0x1
 888 0054 03       		.uleb128 0x3
 889 0055 0E       		.uleb128 0xe
 890 0056 3A       		.uleb128 0x3a
 891 0057 0B       		.uleb128 0xb
 892 0058 3B       		.uleb128 0x3b
 893 0059 0B       		.uleb128 0xb
 894 005a 27       		.uleb128 0x27
 895 005b 19       		.uleb128 0x19
 896 005c 11       		.uleb128 0x11
 897 005d 01       		.uleb128 0x1
 898 005e 12       		.uleb128 0x12
 899 005f 06       		.uleb128 0x6
 900 0060 40       		.uleb128 0x40
 901 0061 18       		.uleb128 0x18
 902 0062 9742     		.uleb128 0x2117
 903 0064 19       		.uleb128 0x19
 904 0065 01       		.uleb128 0x1
 905 0066 13       		.uleb128 0x13
 906 0067 00       		.byte	0
 907 0068 00       		.byte	0
 908 0069 09       		.uleb128 0x9
 909 006a 05       		.uleb128 0x5
 910 006b 00       		.byte	0
 911 006c 03       		.uleb128 0x3
 912 006d 08       		.uleb128 0x8
 913 006e 3A       		.uleb128 0x3a
 914 006f 0B       		.uleb128 0xb
 915 0070 3B       		.uleb128 0x3b
 916 0071 0B       		.uleb128 0xb
 917 0072 49       		.uleb128 0x49
 918 0073 13       		.uleb128 0x13
 919 0074 02       		.uleb128 0x2
 920 0075 17       		.uleb128 0x17
 921 0076 00       		.byte	0
 922 0077 00       		.byte	0
 923 0078 0A       		.uleb128 0xa
 924 0079 898201   		.uleb128 0x4109
 925 007c 01       		.byte	0x1
 926 007d 11       		.uleb128 0x11
 927 007e 01       		.uleb128 0x1
 928 007f 31       		.uleb128 0x31
 929 0080 13       		.uleb128 0x13
 930 0081 00       		.byte	0
 931 0082 00       		.byte	0
ARM GAS  C:\Users\NGUYEN~1\AppData\Local\Temp\cct7AH6X.s 			page 24


 932 0083 0B       		.uleb128 0xb
 933 0084 8A8201   		.uleb128 0x410a
 934 0087 00       		.byte	0
 935 0088 02       		.uleb128 0x2
 936 0089 18       		.uleb128 0x18
 937 008a 9142     		.uleb128 0x2111
 938 008c 18       		.uleb128 0x18
 939 008d 00       		.byte	0
 940 008e 00       		.byte	0
 941 008f 0C       		.uleb128 0xc
 942 0090 898201   		.uleb128 0x4109
 943 0093 01       		.byte	0x1
 944 0094 11       		.uleb128 0x11
 945 0095 01       		.uleb128 0x1
 946 0096 31       		.uleb128 0x31
 947 0097 13       		.uleb128 0x13
 948 0098 01       		.uleb128 0x1
 949 0099 13       		.uleb128 0x13
 950 009a 00       		.byte	0
 951 009b 00       		.byte	0
 952 009c 0D       		.uleb128 0xd
 953 009d 2E       		.uleb128 0x2e
 954 009e 01       		.byte	0x1
 955 009f 3F       		.uleb128 0x3f
 956 00a0 19       		.uleb128 0x19
 957 00a1 03       		.uleb128 0x3
 958 00a2 0E       		.uleb128 0xe
 959 00a3 3A       		.uleb128 0x3a
 960 00a4 0B       		.uleb128 0xb
 961 00a5 3B       		.uleb128 0x3b
 962 00a6 0B       		.uleb128 0xb
 963 00a7 27       		.uleb128 0x27
 964 00a8 19       		.uleb128 0x19
 965 00a9 11       		.uleb128 0x11
 966 00aa 01       		.uleb128 0x1
 967 00ab 12       		.uleb128 0x12
 968 00ac 06       		.uleb128 0x6
 969 00ad 40       		.uleb128 0x40
 970 00ae 18       		.uleb128 0x18
 971 00af 9742     		.uleb128 0x2117
 972 00b1 19       		.uleb128 0x19
 973 00b2 01       		.uleb128 0x1
 974 00b3 13       		.uleb128 0x13
 975 00b4 00       		.byte	0
 976 00b5 00       		.byte	0
 977 00b6 0E       		.uleb128 0xe
 978 00b7 05       		.uleb128 0x5
 979 00b8 00       		.byte	0
 980 00b9 03       		.uleb128 0x3
 981 00ba 0E       		.uleb128 0xe
 982 00bb 3A       		.uleb128 0x3a
 983 00bc 0B       		.uleb128 0xb
 984 00bd 3B       		.uleb128 0x3b
 985 00be 0B       		.uleb128 0xb
 986 00bf 49       		.uleb128 0x49
 987 00c0 13       		.uleb128 0x13
 988 00c1 02       		.uleb128 0x2
ARM GAS  C:\Users\NGUYEN~1\AppData\Local\Temp\cct7AH6X.s 			page 25


 989 00c2 18       		.uleb128 0x18
 990 00c3 00       		.byte	0
 991 00c4 00       		.byte	0
 992 00c5 0F       		.uleb128 0xf
 993 00c6 34       		.uleb128 0x34
 994 00c7 00       		.byte	0
 995 00c8 03       		.uleb128 0x3
 996 00c9 0E       		.uleb128 0xe
 997 00ca 3A       		.uleb128 0x3a
 998 00cb 0B       		.uleb128 0xb
 999 00cc 3B       		.uleb128 0x3b
 1000 00cd 0B       		.uleb128 0xb
 1001 00ce 49       		.uleb128 0x49
 1002 00cf 13       		.uleb128 0x13
 1003 00d0 02       		.uleb128 0x2
 1004 00d1 17       		.uleb128 0x17
 1005 00d2 00       		.byte	0
 1006 00d3 00       		.byte	0
 1007 00d4 10       		.uleb128 0x10
 1008 00d5 2E       		.uleb128 0x2e
 1009 00d6 01       		.byte	0x1
 1010 00d7 3F       		.uleb128 0x3f
 1011 00d8 19       		.uleb128 0x19
 1012 00d9 03       		.uleb128 0x3
 1013 00da 0E       		.uleb128 0xe
 1014 00db 3A       		.uleb128 0x3a
 1015 00dc 0B       		.uleb128 0xb
 1016 00dd 3B       		.uleb128 0x3b
 1017 00de 05       		.uleb128 0x5
 1018 00df 27       		.uleb128 0x27
 1019 00e0 19       		.uleb128 0x19
 1020 00e1 11       		.uleb128 0x11
 1021 00e2 01       		.uleb128 0x1
 1022 00e3 12       		.uleb128 0x12
 1023 00e4 06       		.uleb128 0x6
 1024 00e5 40       		.uleb128 0x40
 1025 00e6 18       		.uleb128 0x18
 1026 00e7 9742     		.uleb128 0x2117
 1027 00e9 19       		.uleb128 0x19
 1028 00ea 01       		.uleb128 0x1
 1029 00eb 13       		.uleb128 0x13
 1030 00ec 00       		.byte	0
 1031 00ed 00       		.byte	0
 1032 00ee 11       		.uleb128 0x11
 1033 00ef 0B       		.uleb128 0xb
 1034 00f0 01       		.byte	0x1
 1035 00f1 11       		.uleb128 0x11
 1036 00f2 01       		.uleb128 0x1
 1037 00f3 12       		.uleb128 0x12
 1038 00f4 06       		.uleb128 0x6
 1039 00f5 01       		.uleb128 0x1
 1040 00f6 13       		.uleb128 0x13
 1041 00f7 00       		.byte	0
 1042 00f8 00       		.byte	0
 1043 00f9 12       		.uleb128 0x12
 1044 00fa 13       		.uleb128 0x13
 1045 00fb 01       		.byte	0x1
ARM GAS  C:\Users\NGUYEN~1\AppData\Local\Temp\cct7AH6X.s 			page 26


 1046 00fc 0B       		.uleb128 0xb
 1047 00fd 0B       		.uleb128 0xb
 1048 00fe 3A       		.uleb128 0x3a
 1049 00ff 0B       		.uleb128 0xb
 1050 0100 3B       		.uleb128 0x3b
 1051 0101 05       		.uleb128 0x5
 1052 0102 01       		.uleb128 0x1
 1053 0103 13       		.uleb128 0x13
 1054 0104 00       		.byte	0
 1055 0105 00       		.byte	0
 1056 0106 13       		.uleb128 0x13
 1057 0107 0D       		.uleb128 0xd
 1058 0108 00       		.byte	0
 1059 0109 03       		.uleb128 0x3
 1060 010a 0E       		.uleb128 0xe
 1061 010b 3A       		.uleb128 0x3a
 1062 010c 0B       		.uleb128 0xb
 1063 010d 3B       		.uleb128 0x3b
 1064 010e 05       		.uleb128 0x5
 1065 010f 49       		.uleb128 0x49
 1066 0110 13       		.uleb128 0x13
 1067 0111 38       		.uleb128 0x38
 1068 0112 0B       		.uleb128 0xb
 1069 0113 00       		.byte	0
 1070 0114 00       		.byte	0
 1071 0115 14       		.uleb128 0x14
 1072 0116 01       		.uleb128 0x1
 1073 0117 01       		.byte	0x1
 1074 0118 49       		.uleb128 0x49
 1075 0119 13       		.uleb128 0x13
 1076 011a 01       		.uleb128 0x1
 1077 011b 13       		.uleb128 0x13
 1078 011c 00       		.byte	0
 1079 011d 00       		.byte	0
 1080 011e 15       		.uleb128 0x15
 1081 011f 21       		.uleb128 0x21
 1082 0120 00       		.byte	0
 1083 0121 49       		.uleb128 0x49
 1084 0122 13       		.uleb128 0x13
 1085 0123 2F       		.uleb128 0x2f
 1086 0124 0B       		.uleb128 0xb
 1087 0125 00       		.byte	0
 1088 0126 00       		.byte	0
 1089 0127 16       		.uleb128 0x16
 1090 0128 26       		.uleb128 0x26
 1091 0129 00       		.byte	0
 1092 012a 49       		.uleb128 0x49
 1093 012b 13       		.uleb128 0x13
 1094 012c 00       		.byte	0
 1095 012d 00       		.byte	0
 1096 012e 17       		.uleb128 0x17
 1097 012f 34       		.uleb128 0x34
 1098 0130 00       		.byte	0
 1099 0131 03       		.uleb128 0x3
 1100 0132 0E       		.uleb128 0xe
 1101 0133 3A       		.uleb128 0x3a
 1102 0134 0B       		.uleb128 0xb
ARM GAS  C:\Users\NGUYEN~1\AppData\Local\Temp\cct7AH6X.s 			page 27


 1103 0135 3B       		.uleb128 0x3b
 1104 0136 05       		.uleb128 0x5
 1105 0137 49       		.uleb128 0x49
 1106 0138 13       		.uleb128 0x13
 1107 0139 02       		.uleb128 0x2
 1108 013a 18       		.uleb128 0x18
 1109 013b 00       		.byte	0
 1110 013c 00       		.byte	0
 1111 013d 18       		.uleb128 0x18
 1112 013e 34       		.uleb128 0x34
 1113 013f 00       		.byte	0
 1114 0140 03       		.uleb128 0x3
 1115 0141 08       		.uleb128 0x8
 1116 0142 3A       		.uleb128 0x3a
 1117 0143 0B       		.uleb128 0xb
 1118 0144 3B       		.uleb128 0x3b
 1119 0145 05       		.uleb128 0x5
 1120 0146 49       		.uleb128 0x49
 1121 0147 13       		.uleb128 0x13
 1122 0148 02       		.uleb128 0x2
 1123 0149 17       		.uleb128 0x17
 1124 014a 00       		.byte	0
 1125 014b 00       		.byte	0
 1126 014c 19       		.uleb128 0x19
 1127 014d 0B       		.uleb128 0xb
 1128 014e 01       		.byte	0x1
 1129 014f 11       		.uleb128 0x11
 1130 0150 01       		.uleb128 0x1
 1131 0151 12       		.uleb128 0x12
 1132 0152 06       		.uleb128 0x6
 1133 0153 00       		.byte	0
 1134 0154 00       		.byte	0
 1135 0155 1A       		.uleb128 0x1a
 1136 0156 0F       		.uleb128 0xf
 1137 0157 00       		.byte	0
 1138 0158 0B       		.uleb128 0xb
 1139 0159 0B       		.uleb128 0xb
 1140 015a 49       		.uleb128 0x49
 1141 015b 13       		.uleb128 0x13
 1142 015c 00       		.byte	0
 1143 015d 00       		.byte	0
 1144 015e 1B       		.uleb128 0x1b
 1145 015f 898201   		.uleb128 0x4109
 1146 0162 00       		.byte	0
 1147 0163 11       		.uleb128 0x11
 1148 0164 01       		.uleb128 0x1
 1149 0165 31       		.uleb128 0x31
 1150 0166 13       		.uleb128 0x13
 1151 0167 00       		.byte	0
 1152 0168 00       		.byte	0
 1153 0169 1C       		.uleb128 0x1c
 1154 016a 2E       		.uleb128 0x2e
 1155 016b 00       		.byte	0
 1156 016c 3F       		.uleb128 0x3f
 1157 016d 19       		.uleb128 0x19
 1158 016e 3C       		.uleb128 0x3c
 1159 016f 19       		.uleb128 0x19
ARM GAS  C:\Users\NGUYEN~1\AppData\Local\Temp\cct7AH6X.s 			page 28


 1160 0170 6E       		.uleb128 0x6e
 1161 0171 0E       		.uleb128 0xe
 1162 0172 03       		.uleb128 0x3
 1163 0173 0E       		.uleb128 0xe
 1164 0174 00       		.byte	0
 1165 0175 00       		.byte	0
 1166 0176 1D       		.uleb128 0x1d
 1167 0177 2E       		.uleb128 0x2e
 1168 0178 00       		.byte	0
 1169 0179 3F       		.uleb128 0x3f
 1170 017a 19       		.uleb128 0x19
 1171 017b 3C       		.uleb128 0x3c
 1172 017c 19       		.uleb128 0x19
 1173 017d 6E       		.uleb128 0x6e
 1174 017e 0E       		.uleb128 0xe
 1175 017f 03       		.uleb128 0x3
 1176 0180 0E       		.uleb128 0xe
 1177 0181 3A       		.uleb128 0x3a
 1178 0182 0B       		.uleb128 0xb
 1179 0183 3B       		.uleb128 0x3b
 1180 0184 0B       		.uleb128 0xb
 1181 0185 00       		.byte	0
 1182 0186 00       		.byte	0
 1183 0187 00       		.byte	0
 1184              		.section	.debug_loc,"",%progbits
 1185              	.Ldebug_loc0:
 1186              	.LLST0:
 1187 0000 00000000 		.4byte	.LVL0
 1188 0004 09000000 		.4byte	.LVL2-1
 1189 0008 0100     		.2byte	0x1
 1190 000a 50       		.byte	0x50
 1191 000b 09000000 		.4byte	.LVL2-1
 1192 000f 0C000000 		.4byte	.LFE1
 1193 0013 0400     		.2byte	0x4
 1194 0015 F3       		.byte	0xf3
 1195 0016 01       		.uleb128 0x1
 1196 0017 50       		.byte	0x50
 1197 0018 9F       		.byte	0x9f
 1198 0019 00000000 		.4byte	0
 1199 001d 00000000 		.4byte	0
 1200              	.LLST1:
 1201 0021 00000000 		.4byte	.LVL0
 1202 0025 06000000 		.4byte	.LVL1
 1203 0029 0100     		.2byte	0x1
 1204 002b 51       		.byte	0x51
 1205 002c 06000000 		.4byte	.LVL1
 1206 0030 09000000 		.4byte	.LVL2-1
 1207 0034 0100     		.2byte	0x1
 1208 0036 52       		.byte	0x52
 1209 0037 09000000 		.4byte	.LVL2-1
 1210 003b 0C000000 		.4byte	.LFE1
 1211 003f 0400     		.2byte	0x4
 1212 0041 F3       		.byte	0xf3
 1213 0042 01       		.uleb128 0x1
 1214 0043 51       		.byte	0x51
 1215 0044 9F       		.byte	0x9f
 1216 0045 00000000 		.4byte	0
ARM GAS  C:\Users\NGUYEN~1\AppData\Local\Temp\cct7AH6X.s 			page 29


 1217 0049 00000000 		.4byte	0
 1218              	.LLST2:
 1219 004d 04000000 		.4byte	.LVL7
 1220 0051 12000000 		.4byte	.LVL9
 1221 0055 0100     		.2byte	0x1
 1222 0057 53       		.byte	0x53
 1223 0058 14000000 		.4byte	.LVL10
 1224 005c 20000000 		.4byte	.LFE6
 1225 0060 0100     		.2byte	0x1
 1226 0062 53       		.byte	0x53
 1227 0063 00000000 		.4byte	0
 1228 0067 00000000 		.4byte	0
 1229              	.LLST3:
 1230 006b 9C000000 		.4byte	.LVL12
 1231 006f A0000000 		.4byte	.LVL13
 1232 0073 0200     		.2byte	0x2
 1233 0075 30       		.byte	0x30
 1234 0076 9F       		.byte	0x9f
 1235 0077 A0000000 		.4byte	.LVL13
 1236 007b BE000000 		.4byte	.LVL15
 1237 007f 0100     		.2byte	0x1
 1238 0081 54       		.byte	0x54
 1239 0082 C0000000 		.4byte	.LVL16
 1240 0086 3E010000 		.4byte	.LVL19
 1241 008a 0100     		.2byte	0x1
 1242 008c 54       		.byte	0x54
 1243 008d 00000000 		.4byte	0
 1244 0091 00000000 		.4byte	0
 1245              	.LLST4:
 1246 0095 A0000000 		.4byte	.LVL13
 1247 0099 BE000000 		.4byte	.LVL15
 1248 009d 0B00     		.2byte	0xb
 1249 009f 74       		.byte	0x74
 1250 00a0 00       		.sleb128 0
 1251 00a1 36       		.byte	0x36
 1252 00a2 1E       		.byte	0x1e
 1253 00a3 03       		.byte	0x3
 1254 00a4 00000000 		.4byte	cfg_memset_list.4894
 1255 00a8 22       		.byte	0x22
 1256 00a9 9F       		.byte	0x9f
 1257 00aa BE000000 		.4byte	.LVL15
 1258 00ae C0000000 		.4byte	.LVL16
 1259 00b2 0B00     		.2byte	0xb
 1260 00b4 74       		.byte	0x74
 1261 00b5 7F       		.sleb128 -1
 1262 00b6 36       		.byte	0x36
 1263 00b7 1E       		.byte	0x1e
 1264 00b8 03       		.byte	0x3
 1265 00b9 00000000 		.4byte	cfg_memset_list.4894
 1266 00bd 22       		.byte	0x22
 1267 00be 9F       		.byte	0x9f
 1268 00bf 00000000 		.4byte	0
 1269 00c3 00000000 		.4byte	0
 1270              		.section	.debug_aranges,"",%progbits
 1271 0000 3C000000 		.4byte	0x3c
 1272 0004 0200     		.2byte	0x2
 1273 0006 00000000 		.4byte	.Ldebug_info0
ARM GAS  C:\Users\NGUYEN~1\AppData\Local\Temp\cct7AH6X.s 			page 30


 1274 000a 04       		.byte	0x4
 1275 000b 00       		.byte	0
 1276 000c 0000     		.2byte	0
 1277 000e 0000     		.2byte	0
 1278 0010 00000000 		.4byte	.LFB1
 1279 0014 0C000000 		.4byte	.LFE1-.LFB1
 1280 0018 00000000 		.4byte	.LFB4
 1281 001c 98000000 		.4byte	.LFE4-.LFB4
 1282 0020 00000000 		.4byte	.LFB6
 1283 0024 20000000 		.4byte	.LFE6-.LFB6
 1284 0028 00000000 		.4byte	.LFB5
 1285 002c 44000000 		.4byte	.LFE5-.LFB5
 1286 0030 98000000 		.4byte	.LFB7
 1287 0034 0C010000 		.4byte	.LFE7-.LFB7
 1288 0038 00000000 		.4byte	0
 1289 003c 00000000 		.4byte	0
 1290              		.section	.debug_ranges,"",%progbits
 1291              	.Ldebug_ranges0:
 1292 0000 00000000 		.4byte	.LFB1
 1293 0004 0C000000 		.4byte	.LFE1
 1294 0008 00000000 		.4byte	.LFB4
 1295 000c 98000000 		.4byte	.LFE4
 1296 0010 00000000 		.4byte	.LFB6
 1297 0014 20000000 		.4byte	.LFE6
 1298 0018 00000000 		.4byte	.LFB5
 1299 001c 44000000 		.4byte	.LFE5
 1300 0020 98000000 		.4byte	.LFB7
 1301 0024 A4010000 		.4byte	.LFE7
 1302 0028 00000000 		.4byte	0
 1303 002c 00000000 		.4byte	0
 1304              		.section	.debug_line,"",%progbits
 1305              	.Ldebug_line0:
 1306 0000 6B010000 		.section	.debug_str,"MS",%progbits,1
 1306      0200D600 
 1306      00000201 
 1306      FB0E0D00 
 1306      01010101 
 1307              	.LASF19:
 1308 0000 72656733 		.ascii	"reg32\000"
 1308      3200
 1309              	.LASF12:
 1310 0006 73697A65 		.ascii	"size_t\000"
 1310      5F7400
 1311              	.LASF23:
 1312 000d 416E616C 		.ascii	"AnalogSetDefault\000"
 1312      6F675365 
 1312      74446566 
 1312      61756C74 
 1312      00
 1313              	.LASF32:
 1314 001e 4379496E 		.ascii	"CyIntSetVector\000"
 1314      74536574 
 1314      56656374 
 1314      6F7200
 1315              	.LASF30:
 1316 002d 6366675F 		.ascii	"cfg_memset_list\000"
 1316      6D656D73 
ARM GAS  C:\Users\NGUYEN~1\AppData\Local\Temp\cct7AH6X.s 			page 31


 1316      65745F6C 
 1316      69737400 
 1317              	.LASF21:
 1318 003d 436C6F63 		.ascii	"ClockSetup\000"
 1318      6B536574 
 1318      757000
 1319              	.LASF6:
 1320 0048 73686F72 		.ascii	"short unsigned int\000"
 1320      7420756E 
 1320      7369676E 
 1320      65642069 
 1320      6E7400
 1321              	.LASF36:
 1322 005b 443A5C44 		.ascii	"D:\\DIEN-GIAO-THONG\\circuit_X_ray\\work_done\\code"
 1322      49454E2D 
 1322      4749414F 
 1322      2D54484F 
 1322      4E475C63 
 1323 008a 5C746573 		.ascii	"\\test_draw_altium\\test_draw_altium.cydsn\000"
 1323      745F6472 
 1323      61775F61 
 1323      6C746975 
 1323      6D5C7465 
 1324              	.LASF16:
 1325 00b3 666C6F61 		.ascii	"float\000"
 1325      7400
 1326              	.LASF27:
 1327 00b9 73697A65 		.ascii	"size\000"
 1327      00
 1328              	.LASF18:
 1329 00be 72656738 		.ascii	"reg8\000"
 1329      00
 1330              	.LASF8:
 1331 00c3 6C6F6E67 		.ascii	"long unsigned int\000"
 1331      20756E73 
 1331      69676E65 
 1331      6420696E 
 1331      7400
 1332              	.LASF13:
 1333 00d5 75696E74 		.ascii	"uint8\000"
 1333      3800
 1334              	.LASF20:
 1335 00db 43594D45 		.ascii	"CYMEMZERO\000"
 1335      4D5A4552 
 1335      4F00
 1336              	.LASF24:
 1337 00e5 53657441 		.ascii	"SetAnalogRoutingPumps\000"
 1337      6E616C6F 
 1337      67526F75 
 1337      74696E67 
 1337      50756D70 
 1338              	.LASF4:
 1339 00fb 756E7369 		.ascii	"unsigned char\000"
 1339      676E6564 
 1339      20636861 
 1339      7200
 1340              	.LASF37:
ARM GAS  C:\Users\NGUYEN~1\AppData\Local\Temp\cct7AH6X.s 			page 32


 1341 0109 6D656D73 		.ascii	"memset\000"
 1341      657400
 1342              	.LASF17:
 1343 0110 646F7562 		.ascii	"double\000"
 1343      6C6500
 1344              	.LASF33:
 1345 0117 4379496E 		.ascii	"CyIntEnable\000"
 1345      74456E61 
 1345      626C6500 
 1346              	.LASF14:
 1347 0123 75696E74 		.ascii	"uint16\000"
 1347      313600
 1348              	.LASF15:
 1349 012a 75696E74 		.ascii	"uint32\000"
 1349      333200
 1350              	.LASF0:
 1351 0131 756E7369 		.ascii	"unsigned int\000"
 1351      676E6564 
 1351      20696E74 
 1351      00
 1352              	.LASF25:
 1353 013e 63796669 		.ascii	"cyfitter_cfg\000"
 1353      74746572 
 1353      5F636667 
 1353      00
 1354              	.LASF26:
 1355 014b 61646472 		.ascii	"address\000"
 1355      65737300 
 1356              	.LASF9:
 1357 0153 6C6F6E67 		.ascii	"long long unsigned int\000"
 1357      206C6F6E 
 1357      6720756E 
 1357      7369676E 
 1357      65642069 
 1358              	.LASF34:
 1359 016a 474E5520 		.ascii	"GNU C11 5.4.1 20160609 (release) [ARM/embedded-5-br"
 1359      43313120 
 1359      352E342E 
 1359      31203230 
 1359      31363036 
 1360 019d 616E6368 		.ascii	"anch revision 237715] -mcpu=cortex-m0 -mthumb -g -O"
 1360      20726576 
 1360      6973696F 
 1360      6E203233 
 1360      37373135 
 1361 01d0 67202D66 		.ascii	"g -ffunction-sections -ffat-lto-objects\000"
 1361      66756E63 
 1361      74696F6E 
 1361      2D736563 
 1361      74696F6E 
 1362              	.LASF28:
 1363 01f8 6366675F 		.ascii	"cfg_memset_t\000"
 1363      6D656D73 
 1363      65745F74 
 1363      00
 1364              	.LASF10:
 1365 0205 73697A65 		.ascii	"sizetype\000"
ARM GAS  C:\Users\NGUYEN~1\AppData\Local\Temp\cct7AH6X.s 			page 33


 1365      74797065 
 1365      00
 1366              	.LASF1:
 1367 020e 6C6F6E67 		.ascii	"long long int\000"
 1367      206C6F6E 
 1367      6720696E 
 1367      7400
 1368              	.LASF11:
 1369 021c 63686172 		.ascii	"char\000"
 1369      00
 1370              	.LASF22:
 1371 0221 656E6162 		.ascii	"enabled\000"
 1371      6C656400 
 1372              	.LASF5:
 1373 0229 73686F72 		.ascii	"short int\000"
 1373      7420696E 
 1373      7400
 1374              	.LASF31:
 1375 0233 43795379 		.ascii	"CySysClkWriteImoFreq\000"
 1375      73436C6B 
 1375      57726974 
 1375      65496D6F 
 1375      46726571 
 1376              	.LASF7:
 1377 0248 6C6F6E67 		.ascii	"long int\000"
 1377      20696E74 
 1377      00
 1378              	.LASF2:
 1379 0251 6C6F6E67 		.ascii	"long double\000"
 1379      20646F75 
 1379      626C6500 
 1380              	.LASF3:
 1381 025d 7369676E 		.ascii	"signed char\000"
 1381      65642063 
 1381      68617200 
 1382              	.LASF35:
 1383 0269 47656E65 		.ascii	"Generated_Source\\PSoC4\\cyfitter_cfg.c\000"
 1383      72617465 
 1383      645F536F 
 1383      75726365 
 1383      5C50536F 
 1384              	.LASF29:
 1385 028f 72656756 		.ascii	"regValue\000"
 1385      616C7565 
 1385      00
 1386              		.ident	"GCC: (GNU Tools for ARM Embedded Processors) 5.4.1 20160609 (release) [ARM/embedded-5-bran
